[WARN] Ambiguous board config for lilygo/t-cameraplus-s3 (target=esp32s3), target-matched candidates=['CONFIG_BOARD_TYPE_LILYGO_T_CAMERAPLUS_S3_V1_0_V1_1', 'CONFIG_BOARD_TYPE_LILYGO_T_CAMERAPLUS_S3_V1_2'], selecting first: CONFIG_BOARD_TYPE_LILYGO_T_CAMERAPLUS_S3_V1_0_V1_1
Executing action: reconfigure
Running cmake in directory /Users/bruno/Projects/personal-assistant/build
Executing "cmake -G Ninja -B /Users/bruno/Projects/personal-assistant/build -DPYTHON_DEPS_CHECKED=1 -DPYTHON=/Users/bruno/.espressif/python_env/idf6.0_py3.14_env/bin/python3 -DESP_PLATFORM=1 -DIDF_TARGET=esp32s3 -DSDKCONFIG_DEFAULTS=sdkconfig.defaults;build/xiaozhi-build.sdkconfig.defaults -DBOARD_NAME=custom-freenove-s3-2.8-lcd -DCCACHE_ENABLE=False /Users/bruno/Projects/personal-assistant"...
-- Component directory /Users/bruno/Projects/esp/esp-idf-v6.0.2/components/mqtt does not contain a CMakeLists.txt file. No component will be added
-- Minimal build - ON
-- Building ESP-IDF components for target esp32s3
NOTE: Skipping optional dependency: espressif/esp_h264
NOTE: Skipping optional dependency: espressif/esp_ipa
NOTE: Skipping optional dependency: espressif/esp_lcd_jd9365
NOTE: Skipping optional dependency: waveshare/esp_lcd_hx8394
NOTE: Skipping optional dependency: waveshare/esp_lcd_st7703
NOTE: Skipping optional dependency: espressif/esp_lcd_ili9881c
NOTE: Skipping optional dependency: espressif/esp_lcd_ek79007
NOTE: Skipping optional dependency: espressif/esp_hosted
NOTE: Skipping optional dependency: espressif/esp_wifi_remote
NOTE: Skipping optional dependency: espfriends/servo_dog_ctrl
NOTE: Skipping optional dependency: espressif/touch_slider_sensor
NOTE: Skipping optional dependency: espressif/touch_button_sensor
NOTE: Skipping optional dependency: kevincoooool/esp_lcd_st7102
NOTE: Skipping optional dependency: espressif/esp_rainmaker
NOTE: Skipping optional dependency: espressif/rmaker_common
NOTE: Skipping optional dependency: espressif/esp_insights
NOTE: Skipping optional dependency: espressif/esp_diag_data_store
NOTE: Skipping optional dependency: espressif/esp_diagnostics
NOTE: Skipping optional dependency: espressif/cbor
NOTE: Skipping optional dependency: espressif/qrcode
NOTE: Skipping optional dependency: espressif/esp-sr
NOTE: Skipping optional dependency: espressif/libsodium
NOTE: Skipping optional dependency: espressif/lan867x
NOTE: Processing 85 dependencies:
NOTE: [1/85] 78/esp-ml307 (3.6.6)
NOTE: [2/85] 78/esp-wifi-connect (3.2.2)
NOTE: [3/85] 78/esp_lcd_nv3023 (1.0.1)
NOTE: [4/85] 78/uart-eth-modem (0.6.0)
NOTE: [5/85] 78/uart-uhci (0.3.2)
NOTE: [6/85] 78/xiaozhi-fonts (2.0.0)
NOTE: [7/85] chmorgan/esp-libhelix-mp3 (1.0.3)
NOTE: [8/85] cube32esp/xpowerslib (0.3.3)
NOTE: [9/85] esphome/esp-hub75 (0.3.6)
NOTE: [10/85] espressif/adc_battery_estimation (0.2.2)
NOTE: [11/85] espressif/bmi270_sensor (0.1.2)
NOTE: [12/85] espressif/bq27220 (0.1.1~1)
NOTE: [13/85] espressif/button (4.2.1)
NOTE: [14/85] espressif/cjson (1.7.19~2)
NOTE: [15/85] espressif/cmake_utilities (0.5.0)
NOTE: [16/85] espressif/dl_fft (0.6.0)
NOTE: [17/85] espressif/dm9051 (1.1.1)
NOTE: [18/85] espressif/esp-dsp (1.8.0)
NOTE: [19/85] espressif/esp-modbus (2.1.3)
NOTE: [20/85] espressif/esp-sr (2.4.7)
NOTE: [21/85] espressif/esp-zboss-lib (1.6.4)
NOTE: [22/85] espressif/esp-zigbee-lib (1.6.8)
NOTE: [23/85] espressif/esp32-camera (2.1.7)
NOTE: [24/85] espressif/esp_audio_codec (2.5.0)
NOTE: [25/85] espressif/esp_audio_effects (1.3.0~1)
NOTE: [26/85] espressif/esp_cam_sensor (2.4.0)
NOTE: [27/85] espressif/esp_codec_dev (1.5.11)
NOTE: [28/85] espressif/esp_image_effects (1.1.0)
NOTE: [29/85] espressif/esp_io_expander (1.2.1)
NOTE: [30/85] espressif/esp_io_expander_tca9554 (2.0.3)
NOTE: [31/85] espressif/esp_io_expander_tca95xx_16bit (2.0.2)
NOTE: [32/85] espressif/esp_jpeg (1.3.1)
NOTE: [33/85] espressif/esp_lcd_axs15231b (2.1.0)
NOTE: [34/85] espressif/esp_lcd_co5300 (2.1.0)
NOTE: [35/85] espressif/esp_lcd_gc9a01 (2.0.4)
NOTE: [36/85] espressif/esp_lcd_ili9341 (2.1.0)
NOTE: [37/85] espressif/esp_lcd_panel_io_additions (1.0.1~1)
NOTE: [38/85] espressif/esp_lcd_spd2010 (2.0.0~1)
NOTE: [39/85] espressif/esp_lcd_st7701 (2.0.2~2)
NOTE: [40/85] espressif/esp_lcd_st77916 (2.0.2)
NOTE: [41/85] espressif/esp_lcd_st77922 (2.0.2)
NOTE: [42/85] espressif/esp_lcd_st7796 (1.3.5)
NOTE: [43/85] espressif/esp_lcd_touch (1.2.1)
NOTE: [44/85] espressif/esp_lcd_touch_cst816s (1.1.2)
NOTE: [45/85] espressif/esp_lcd_touch_ft5x06 (1.1.1)
NOTE: [46/85] espressif/esp_lcd_touch_gt1151 (1.1.1)
NOTE: [47/85] espressif/esp_lcd_touch_gt911 (1.2.1)
NOTE: [48/85] espressif/esp_lcd_touch_st7123 (1.0.2)
NOTE: [49/85] espressif/esp_lvgl_port (2.8.0~1)
NOTE: [50/85] espressif/esp_mmap_assets (1.4.0)
NOTE: [51/85] espressif/esp_modem (2.1.0)
NOTE: [52/85] espressif/esp_new_jpeg (1.0.2)
NOTE: [53/85] espressif/esp_sccb_intf (0.0.9)
NOTE: [54/85] espressif/esp_video (2.4.1)
NOTE: [55/85] espressif/freetype (2.14.3~1)
NOTE: [56/85] espressif/gmf_fft (1.0.0)
NOTE: [57/85] espressif/i2c_bus (1.5.2)
NOTE: [58/85] espressif/iot_eth (0.1.0)
NOTE: [59/85] espressif/iot_usbh_cdc (3.1.0)
NOTE: [60/85] espressif/iot_usbh_rndis (0.3.1)
NOTE: [61/85] espressif/knob (1.1.0)
NOTE: [62/85] espressif/ksz8851snl (1.2.0)
NOTE: [63/85] espressif/led_strip (3.0.3)
NOTE: [64/85] espressif/mdns (1.12.0)
NOTE: [65/85] espressif/mqtt (1.1.0)
NOTE: [66/85] espressif/network_provisioning (1.2.4)
NOTE: [67/85] espressif/usb (1.5.0)
NOTE: [68/85] espressif/usb_host_uvc (2.5.2)
NOTE: [69/85] espressif/w5500 (1.0.1)
NOTE: [70/85] espressif2022/esp_emote_assets (0.1.2)
NOTE: [71/85] espressif2022/esp_emote_expression (1.0.2)
NOTE: [72/85] espressif2022/esp_emote_gfx (3.0.5)
NOTE: [73/85] espressif2022/image_player (1.1.1)
NOTE: [74/85] joltwallet/littlefs (1.22.3)
NOTE: [75/85] laride/heatshrink (0.4.1)
NOTE: [76/85] lvgl/lvgl (9.5.0)
NOTE: [77/85] m5stack/m5ioe1 (1.0.9)
NOTE: [78/85] m5stack/m5pm1 (1.0.7)
NOTE: [79/85] tny-robotics/sh1106-esp-idf (1.0.1)
NOTE: [80/85] txp666/otto-emoji-gif-component (1.3.0)
NOTE: [81/85] waveshare/custom_io_expander_ch32v003 (2.0.0)
NOTE: [82/85] waveshare/esp_lcd_sh8601 (1.0.2)
NOTE: [83/85] waveshare/esp_lcd_touch_cst9217 (1.0.4)
NOTE: [84/85] wvirgil123/sscma_client (1.0.3)
NOTE: [85/85] idf (6.0.2)
-- DEBUG: Use esp-modbus component folder: /Users/bruno/Projects/personal-assistant/managed_components/espressif__esp-modbus.
-- CONFIG_ESP32P4_SELECTS_REV_LESS_V3 is 
-- IDF_VERSION_MAJOR is 6
-- IDF_VERSION_MINOR is 0
-- IDF_VERSION_PATCH is 2
-- TARGET_LIB_PATH is set to: esp32s3
-- ESP-TEE is currently supported only on the esp32c6;esp32h2;esp32c5;esp32c61 SoCs
NOTE: Skipping optional dependency: espressif/esp_rainmaker
NOTE: Skipping optional dependency: espressif/rmaker_common
NOTE: Skipping optional dependency: espressif/esp_insights
NOTE: Skipping optional dependency: espressif/esp_diag_data_store
NOTE: Skipping optional dependency: espressif/esp_diagnostics
NOTE: Skipping optional dependency: espressif/cbor
NOTE: Skipping optional dependency: espressif/qrcode
NOTE: Skipping optional dependency: espressif/esp-sr
NOTE: Skipping optional dependency: espressif/esp_hosted
NOTE: Skipping optional dependency: espressif/esp_wifi_remote
NOTE: Skipping optional dependency: espressif/libsodium
NOTE: Skipping optional dependency: espressif/lan867x
NOTE: Skipping optional dependency: espressif/esp_lcd_jd9365
NOTE: Skipping optional dependency: waveshare/esp_lcd_hx8394
NOTE: Skipping optional dependency: waveshare/esp_lcd_st7703
NOTE: Skipping optional dependency: espressif/esp_lcd_ili9881c
NOTE: Skipping optional dependency: espressif/esp_lcd_ek79007
NOTE: Skipping optional dependency: espfriends/servo_dog_ctrl
NOTE: Skipping optional dependency: espressif/touch_slider_sensor
NOTE: Skipping optional dependency: espressif/touch_button_sensor
NOTE: Skipping optional dependency: kevincoooool/esp_lcd_st7102
NOTE: Skipping optional dependency: espressif/esp_h264
NOTE: Skipping optional dependency: espressif/esp_ipa
-- KCONFIG_REPORT_VERBOSITY not set, using default
-- Project sdkconfig file /Users/bruno/Projects/personal-assistant/sdkconfig
NOTE: /Users/bruno/Projects/personal-assistant/managed_components/espressif__esp-sr/Kconfig.projbuild:58: SR_WN_WN9S_HILEXIN: 'default False' is not a valid bool value (only 'y' and 'n' are allowed). Value is treated as 'n'.
NOTE: /Users/bruno/Projects/personal-assistant/managed_components/espressif__esp-sr/Kconfig.projbuild:62: SR_WN_WN9S_HIESP: 'default False' is not a valid bool value (only 'y' and 'n' are allowed). Value is treated as 'n'.
NOTE: /Users/bruno/Projects/personal-assistant/managed_components/espressif__esp-sr/Kconfig.projbuild:66: SR_WN_WN9S_NIHAOXIAOZHI: 'default False' is not a valid bool value (only 'y' and 'n' are allowed). Value is treated as 'n'.
NOTE: /Users/bruno/Projects/personal-assistant/managed_components/espressif__esp-sr/Kconfig.projbuild:70: SR_WN_WN9S_HIJASON: 'default False' is not a valid bool value (only 'y' and 'n' are allowed). Value is treated as 'n'.
NOTE: /Users/bruno/Projects/personal-assistant/managed_components/espressif__esp-sr/Kconfig.projbuild:79: SR_WN_WN9_HILEXIN: 'default False' is not a valid bool value (only 'y' and 'n' are allowed). Value is treated as 'n'.
NOTE: /Users/bruno/Projects/personal-assistant/managed_components/espressif__esp-sr/Kconfig.projbuild:83: SR_WN_WN9_HIESP: 'default False' is not a valid bool value (only 'y' and 'n' are allowed). Value is treated as 'n'.
NOTE: /Users/bruno/Projects/personal-assistant/managed_components/espressif__esp-sr/Kconfig.projbuild:87: SR_WN_WN9L_JA_KONNICHIHAESP_TTS3: 'default False' is not a valid bool value (only 'y' and 'n' are allowed). Value is treated as 'n'.
NOTE: /Users/bruno/Projects/personal-assistant/managed_components/espressif__esp-sr/Kconfig.projbuild:91: SR_WN_WN9L_FR_BONJOURESP_TTS3: 'default False' is not a valid bool value (only 'y' and 'n' are allowed). Value is treated as 'n'.
NOTE: /Users/bruno/Projects/personal-assistant/managed_components/espressif__esp-sr/Kconfig.projbuild:95: SR_WN_WN9_NIHAOMIAOBAN_TTS2: 'default False' is not a valid bool value (only 'y' and 'n' are allowed). Value is treated as 'n'.
NOTE: /Users/bruno/Projects/personal-assistant/managed_components/espressif__esp-sr/Kconfig.projbuild:99: SR_WN_WN9_XIAOAITONGXUE: 'default False' is not a valid bool value (only 'y' and 'n' are allowed). Value is treated as 'n'.
NOTE: /Users/bruno/Projects/personal-assistant/managed_components/espressif__esp-sr/Kconfig.projbuild:103: SR_WN_WN9L_XIAOAITONGXUE: 'default False' is not a valid bool value (only 'y' and 'n' are allowed). Value is treated as 'n'.
NOTE: /Users/bruno/Projects/personal-assistant/managed_components/espressif__esp-sr/Kconfig.projbuild:107: SR_WN_WN9_NIHAOXIAOZHI_TTS: 'default False' is not a valid bool value (only 'y' and 'n' are allowed). Value is treated as 'n'.
NOTE: /Users/bruno/Projects/personal-assistant/managed_components/espressif__esp-sr/Kconfig.projbuild:111: SR_WN_WN9L_NIHAOXIAOZHI_TTS3: 'default False' is not a valid bool value (only 'y' and 'n' are allowed). Value is treated as 'n'.
NOTE: /Users/bruno/Projects/personal-assistant/managed_components/espressif__esp-sr/Kconfig.projbuild:115: SR_WN_WN9_ALEXA: 'default False' is not a valid bool value (only 'y' and 'n' are allowed). Value is treated as 'n'.
NOTE: /Users/bruno/Projects/personal-assistant/managed_components/espressif__esp-sr/Kconfig.projbuild:119: SR_WN_WN9_JARVIS_TTS: 'default False' is not a valid bool value (only 'y' and 'n' are allowed). Value is treated as 'n'.
NOTE: /Users/bruno/Projects/personal-assistant/managed_components/espressif__esp-sr/Kconfig.projbuild:123: SR_WN_WN9_COMPUTER_TTS: 'default False' is not a valid bool value (only 'y' and 'n' are allowed). Value is treated as 'n'.
NOTE: /Users/bruno/Projects/personal-assistant/managed_components/espressif__esp-sr/Kconfig.projbuild:127: SR_WN_WN9_HEYWILLOW_TTS: 'default False' is not a valid bool value (only 'y' and 'n' are allowed). Value is treated as 'n'.
NOTE: /Users/bruno/Projects/personal-assistant/managed_components/espressif__esp-sr/Kconfig.projbuild:131: SR_WN_WN9_HIMFIVE: 'default False' is not a valid bool value (only 'y' and 'n' are allowed). Value is treated as 'n'.
NOTE: /Users/bruno/Projects/personal-assistant/managed_components/espressif__esp-sr/Kconfig.projbuild:135: SR_WN_WN9_SOPHIA_TTS: 'default False' is not a valid bool value (only 'y' and 'n' are allowed). Value is treated as 'n'.
NOTE: /Users/bruno/Projects/personal-assistant/managed_components/espressif__esp-sr/Kconfig.projbuild:139: SR_WN_WN9_HEYWANDA_TTS: 'default False' is not a valid bool value (only 'y' and 'n' are allowed). Value is treated as 'n'.
NOTE: /Users/bruno/Projects/personal-assistant/managed_components/espressif__esp-sr/Kconfig.projbuild:143: SR_WN_WN9_HIJOLLY_TTS2: 'default False' is not a valid bool value (only 'y' and 'n' are allowed). Value is treated as 'n'.
NOTE: /Users/bruno/Projects/personal-assistant/managed_components/espressif__esp-sr/Kconfig.projbuild:147: SR_WN_WN9_HIFAIRY_TTS2: 'default False' is not a valid bool value (only 'y' and 'n' are allowed). Value is treated as 'n'.
NOTE: /Users/bruno/Projects/personal-assistant/managed_components/espressif__esp-sr/Kconfig.projbuild:151: SR_WN_WN9_HEYPRINTER_TTS: 'default False' is not a valid bool value (only 'y' and 'n' are allowed). Value is treated as 'n'.
NOTE: /Users/bruno/Projects/personal-assistant/managed_components/espressif__esp-sr/Kconfig.projbuild:155: SR_WN_WN9_MYCROFT_TTS: 'default False' is not a valid bool value (only 'y' and 'n' are allowed). Value is treated as 'n'.
NOTE: /Users/bruno/Projects/personal-assistant/managed_components/espressif__esp-sr/Kconfig.projbuild:159: SR_WN_WN9_HIJOY_TTS: 'default False' is not a valid bool value (only 'y' and 'n' are allowed). Value is treated as 'n'.
NOTE: /Users/bruno/Projects/personal-assistant/managed_components/espressif__esp-sr/Kconfig.projbuild:163: SR_WN_WN9_HIJASON_TTS2: 'default False' is not a valid bool value (only 'y' and 'n' are allowed). Value is treated as 'n'.
NOTE: /Users/bruno/Projects/personal-assistant/managed_components/espressif__esp-sr/Kconfig.projbuild:167: SR_WN_WN9_ASTROLABE_TTS: 'default False' is not a valid bool value (only 'y' and 'n' are allowed). Value is treated as 'n'.
NOTE: /Users/bruno/Projects/personal-assistant/managed_components/espressif__esp-sr/Kconfig.projbuild:171: SR_WN_WN9_HEYILY_TTS2: 'default False' is not a valid bool value (only 'y' and 'n' are allowed). Value is treated as 'n'.
NOTE: /Users/bruno/Projects/personal-assistant/managed_components/espressif__esp-sr/Kconfig.projbuild:175: SR_WN_WN9_BLUECHIP_TTS2: 'default False' is not a valid bool value (only 'y' and 'n' are allowed). Value is treated as 'n'.
NOTE: /Users/bruno/Projects/personal-assistant/managed_components/espressif__esp-sr/Kconfig.projbuild:179: SR_WN_WN9_HIANDY_TTS2: 'default False' is not a valid bool value (only 'y' and 'n' are allowed). Value is treated as 'n'.
NOTE: /Users/bruno/Projects/personal-assistant/managed_components/espressif__esp-sr/Kconfig.projbuild:183: SR_WN_WN9_HEYIVY_TTS2: 'default False' is not a valid bool value (only 'y' and 'n' are allowed). Value is treated as 'n'.
NOTE: /Users/bruno/Projects/personal-assistant/managed_components/espressif__esp-sr/Kconfig.projbuild:187: SR_WN_WN9L_HISTACKCHAN_TTS3: 'default False' is not a valid bool value (only 'y' and 'n' are allowed). Value is treated as 'n'.
NOTE: /Users/bruno/Projects/personal-assistant/managed_components/espressif__esp-sr/Kconfig.projbuild:191: SR_WN_WN9_HEYKIRA_TTS3: 'default False' is not a valid bool value (only 'y' and 'n' are allowed). Value is treated as 'n'.
NOTE: /Users/bruno/Projects/personal-assistant/managed_components/espressif__esp-sr/Kconfig.projbuild:195: SR_WN_WN9L_HEYGIGI_TTS3: 'default False' is not a valid bool value (only 'y' and 'n' are allowed). Value is treated as 'n'.
NOTE: /Users/bruno/Projects/personal-assistant/managed_components/espressif__esp-sr/Kconfig.projbuild:199: SR_WN_WN9_XIAOLONGXIAOLONG_TTS: 'default False' is not a valid bool value (only 'y' and 'n' are allowed). Value is treated as 'n'.
NOTE: /Users/bruno/Projects/personal-assistant/managed_components/espressif__esp-sr/Kconfig.projbuild:203: SR_WN_WN9_HIMIAOMIAO_TTS: 'default False' is not a valid bool value (only 'y' and 'n' are allowed). Value is treated as 'n'.
NOTE: /Users/bruno/Projects/personal-assistant/managed_components/espressif__esp-sr/Kconfig.projbuild:207: SR_WN_WN9_MIAOMIAOTONGXUE_TTS: 'default False' is not a valid bool value (only 'y' and 'n' are allowed). Value is treated as 'n'.
NOTE: /Users/bruno/Projects/personal-assistant/managed_components/espressif__esp-sr/Kconfig.projbuild:211: SR_WN_WN9_NIHAOXIAOXIN_TTS: 'default False' is not a valid bool value (only 'y' and 'n' are allowed). Value is treated as 'n'.
NOTE: /Users/bruno/Projects/personal-assistant/managed_components/espressif__esp-sr/Kconfig.projbuild:215: SR_WN_WN9_XIAOMEITONGXUE_TTS: 'default False' is not a valid bool value (only 'y' and 'n' are allowed). Value is treated as 'n'.
NOTE: /Users/bruno/Projects/personal-assistant/managed_components/espressif__esp-sr/Kconfig.projbuild:219: SR_WN_WN9_HILILI_TTS: 'default False' is not a valid bool value (only 'y' and 'n' are allowed). Value is treated as 'n'.
NOTE: /Users/bruno/Projects/personal-assistant/managed_components/espressif__esp-sr/Kconfig.projbuild:223: SR_WN_WN9_HITELLY_TTS: 'default False' is not a valid bool value (only 'y' and 'n' are allowed). Value is treated as 'n'.
NOTE: /Users/bruno/Projects/personal-assistant/managed_components/espressif__esp-sr/Kconfig.projbuild:227: SR_WN_WN9_XIAOBINXIAOBIN_TTS: 'default False' is not a valid bool value (only 'y' and 'n' are allowed). Value is treated as 'n'.
NOTE: /Users/bruno/Projects/personal-assistant/managed_components/espressif__esp-sr/Kconfig.projbuild:231: SR_WN_WN9_HAIXIAOWU_TTS: 'default False' is not a valid bool value (only 'y' and 'n' are allowed). Value is treated as 'n'.
NOTE: /Users/bruno/Projects/personal-assistant/managed_components/espressif__esp-sr/Kconfig.projbuild:235: SR_WN_WN9_XIAOYAXIAOYA_TTS2: 'default False' is not a valid bool value (only 'y' and 'n' are allowed). Value is treated as 'n'.
NOTE: /Users/bruno/Projects/personal-assistant/managed_components/espressif__esp-sr/Kconfig.projbuild:239: SR_WN_WN9_LINAIBAN_TTS2: 'default False' is not a valid bool value (only 'y' and 'n' are allowed). Value is treated as 'n'.
NOTE: /Users/bruno/Projects/personal-assistant/managed_components/espressif__esp-sr/Kconfig.projbuild:243: SR_WN_WN9_XIAOSUROU_TTS2: 'default False' is not a valid bool value (only 'y' and 'n' are allowed). Value is treated as 'n'.
NOTE: /Users/bruno/Projects/personal-assistant/managed_components/espressif__esp-sr/Kconfig.projbuild:247: SR_WN_WN9_XIAOYUTONGXUE_TTS2: 'default False' is not a valid bool value (only 'y' and 'n' are allowed). Value is treated as 'n'.
NOTE: /Users/bruno/Projects/personal-assistant/managed_components/espressif__esp-sr/Kconfig.projbuild:251: SR_WN_WN9_XIAOMINGTONGXUE_TTS2: 'default False' is not a valid bool value (only 'y' and 'n' are allowed). Value is treated as 'n'.
NOTE: /Users/bruno/Projects/personal-assistant/managed_components/espressif__esp-sr/Kconfig.projbuild:255: SR_WN_WN9_XIAOKANGTONGXUE_TTS2: 'default False' is not a valid bool value (only 'y' and 'n' are allowed). Value is treated as 'n'.
NOTE: /Users/bruno/Projects/personal-assistant/managed_components/espressif__esp-sr/Kconfig.projbuild:259: SR_WN_WN9_XIAOJIANXIAOJIAN_TTS2: 'default False' is not a valid bool value (only 'y' and 'n' are allowed). Value is treated as 'n'.
NOTE: /Users/bruno/Projects/personal-assistant/managed_components/espressif__esp-sr/Kconfig.projbuild:263: SR_WN_WN9_XIAOTEXIAOTE_TTS2: 'default False' is not a valid bool value (only 'y' and 'n' are allowed). Value is treated as 'n'.
NOTE: /Users/bruno/Projects/personal-assistant/managed_components/espressif__esp-sr/Kconfig.projbuild:267: SR_WN_WN9_NIHAOXIAOYI_TTS2: 'default False' is not a valid bool value (only 'y' and 'n' are allowed). Value is treated as 'n'.
NOTE: /Users/bruno/Projects/personal-assistant/managed_components/espressif__esp-sr/Kconfig.projbuild:271: SR_WN_WN9_NIHAOBAIYING_TTS2: 'default False' is not a valid bool value (only 'y' and 'n' are allowed). Value is treated as 'n'.
NOTE: /Users/bruno/Projects/personal-assistant/managed_components/espressif__esp-sr/Kconfig.projbuild:275: SR_WN_WN9_NIHAODONGDONG_TTS2: 'default False' is not a valid bool value (only 'y' and 'n' are allowed). Value is treated as 'n'.
NOTE: /Users/bruno/Projects/personal-assistant/managed_components/espressif__esp-sr/Kconfig.projbuild:279: SR_WN_WN9_HIWALLE_TTS2: 'default False' is not a valid bool value (only 'y' and 'n' are allowed). Value is treated as 'n'.
NOTE: /Users/bruno/Projects/personal-assistant/managed_components/espressif__esp-sr/Kconfig.projbuild:283: SR_WN_WN9_XIAOLUXIAOLU_TTS2: 'default False' is not a valid bool value (only 'y' and 'n' are allowed). Value is treated as 'n'.
NOTE: /Users/bruno/Projects/personal-assistant/managed_components/espressif__esp-sr/Kconfig.projbuild:287: SR_WN_WN9_NIHAOXIAOAN_TTS2: 'default False' is not a valid bool value (only 'y' and 'n' are allowed). Value is treated as 'n'.
NOTE: /Users/bruno/Projects/personal-assistant/managed_components/espressif__esp-sr/Kconfig.projbuild:291: SR_WN_WN9_NI3HAO3XIAO3MAI4_TTS2: 'default False' is not a valid bool value (only 'y' and 'n' are allowed). Value is treated as 'n'.
NOTE: /Users/bruno/Projects/personal-assistant/managed_components/espressif__esp-sr/Kconfig.projbuild:295: SR_WN_WN9_NI3HAO3XIAO3RUI4_TTS3: 'default False' is not a valid bool value (only 'y' and 'n' are allowed). Value is treated as 'n'.
NOTE: /Users/bruno/Projects/personal-assistant/managed_components/espressif__esp-sr/Kconfig.projbuild:299: SR_WN_WN9_HAI1XIAO3OU1_TTS3: 'default False' is not a valid bool value (only 'y' and 'n' are allowed). Value is treated as 'n'.
NOTE: /Users/bruno/Projects/personal-assistant/managed_components/espressif__esp-sr/Kconfig.projbuild:303: SR_WN_WN9_XIAO3JIA1XIAO3JIA1_TTS3: 'default False' is not a valid bool value (only 'y' and 'n' are allowed). Value is treated as 'n'.
NOTE: /Users/bruno/Projects/personal-assistant/managed_components/espressif__esp-sr/Kconfig.projbuild:307: SR_WN_WN9_XIAO3FENG1XIAO3FENG1_TTS3: 'default False' is not a valid bool value (only 'y' and 'n' are allowed). Value is treated as 'n'.
NOTE: /Users/bruno/Projects/personal-assistant/managed_components/espressif__esp-sr/Kconfig.projbuild:311: SR_WN_WN9_HAI1XIAO3XIANG4_TTS3: 'default False' is not a valid bool value (only 'y' and 'n' are allowed). Value is treated as 'n'.
NOTE: /Users/bruno/Projects/personal-assistant/managed_components/espressif__esp-sr/Kconfig.projbuild:315: SR_WN_WN9L_NI3HAO3XING1BAO3_TTS3: 'default False' is not a valid bool value (only 'y' and 'n' are allowed). Value is treated as 'n'.
NOTE: /Users/bruno/Projects/esp/esp-idf-v6.0.2/components/bt/host/nimble/Kconfig.in:1421: BT_NIMBLE_MESH_PROVISIONER: 'default 0' is not a valid bool value (only 'y' and 'n' are allowed). Value is treated as 'n'.
NOTE: /Users/bruno/Projects/esp/esp-idf-v6.0.2/components/fatfs/Kconfig:230: FATFS_PRINT_LLI: 'default 0' is not a valid bool value (only 'y' and 'n' are allowed). Value is treated as 'n'.
NOTE: /Users/bruno/Projects/esp/esp-idf-v6.0.2/components/fatfs/Kconfig:235: FATFS_PRINT_FLOAT: 'default 0' is not a valid bool value (only 'y' and 'n' are allowed). Value is treated as 'n'.
NOTE: /Users/bruno/Projects/esp/esp-idf-v6.0.2/components/bt/sdkconfig.rename.esp32s3:4: duplicate rename mapping for CONFIG_BT_NIMBLE_COEX_PHY_CODED_TX_RX_TLIM_EN: previous target CONFIG_BT_LE_COEX_PHY_CODED_TX_RX_TLIM_EN, new target CONFIG_BT_CTRL_COEX_PHY_CODED_TX_RX_TLIM_EN - last mapping is used
NOTE: /Users/bruno/Projects/esp/esp-idf-v6.0.2/components/bt/sdkconfig.rename.esp32s3:5: duplicate rename mapping for CONFIG_BT_NIMBLE_COEX_PHY_CODED_TX_RX_TLIM_DIS: previous target CONFIG_BT_LE_COEX_PHY_CODED_TX_RX_TLIM_DIS, new target CONFIG_BT_CTRL_COEX_PHY_CODED_TX_RX_TLIM_DIS - last mapping is used
Loading defaults file /Users/bruno/Projects/personal-assistant/sdkconfig.defaults...
NOTE: /var/folders/80/qz4347qn6555qdlxrgpgpdgc0000gn/T/kconfgen_tmp0c6fgw43:34: CONFIG_NEWLIB_NANO_FORMAT was replaced with CONFIG_LIBC_NEWLIB_NANO_FORMAT
Loading defaults file /Users/bruno/Projects/personal-assistant/sdkconfig.defaults.esp32s3...
Loading defaults file /Users/bruno/Projects/personal-assistant/build/xiaozhi-build.sdkconfig.defaults...
NOTE: Kconfig parser version: 1
NOTE: Kconfig defaults policy: use sdkconfig
NOTE: Status: Finished with notifications
NOTE: /Users/bruno/Projects/esp/esp-idf-v6.0.2/components/esp_libc/Kconfig:106: LIBC_NEWLIB_NANO_FORMAT has user-set value y from /var/folders/80/qz4347qn6555qdlxrgpgpdgc0000gn/T/kconfgen_tmp0c6fgw43 but is not visible (disabled dependency)
NOTE: /Users/bruno/Projects/personal-assistant/managed_components/lvgl__lvgl/Kconfig:1229: LV_USE_CALENDAR_HEADER_ARROW has user-set value n from /var/folders/80/qz4347qn6555qdlxrgpgpdgc0000gn/T/kconfgen_tmp0c6fgw43 but is not visible (disabled dependency)
NOTE: /Users/bruno/Projects/personal-assistant/managed_components/lvgl__lvgl/Kconfig:1233: LV_USE_CALENDAR_HEADER_DROPDOWN has user-set value n from /var/folders/80/qz4347qn6555qdlxrgpgpdgc0000gn/T/kconfgen_tmp0c6fgw43 but is not visible (disabled dependency)
-- Compiler supported targets: xtensa-esp-elf
-- Detecting C compiler ABI info
-- Detecting C compiler ABI info - done
-- Detecting CXX compiler ABI info
-- Detecting CXX compiler ABI info - done
-- Detecting C compiler ABI info
-- Detecting C compiler ABI info - done
-- Detecting CXX compiler ABI info
-- Detecting CXX compiler ABI info - done
-- App "xiaozhi" version: 2.4.2
-- Setting up mbedtls configuration
-- Linkage type is PUBLIC
-- Adding linker script /Users/bruno/Projects/esp/esp-idf-v6.0.2/components/esp_hal_wdt/esp32s3/rom.wdt.ld
-- Adding linker script /Users/bruno/Projects/esp/esp-idf-v6.0.2/components/esp_system/ld/esp32s3/memory.ld.in
--   -> Preprocessing .in script: /Users/bruno/Projects/esp/esp-idf-v6.0.2/components/esp_system/ld/esp32s3/memory.ld.in
-- Adding linker script /Users/bruno/Projects/esp/esp-idf-v6.0.2/components/esp_system/ld/esp32s3/sections.ld.in
--   -> Preprocessing .in script: /Users/bruno/Projects/esp/esp-idf-v6.0.2/components/esp_system/ld/esp32s3/sections.ld.in
--   -> Applying ldgen processing: /Users/bruno/Projects/personal-assistant/build/esp-idf/esp_system/ld/sections.ld.in
-- Adding linker script /Users/bruno/Projects/esp/esp-idf-v6.0.2/components/esp_rom/esp32s3/ld/esp32s3.rom.ld
-- Adding linker script /Users/bruno/Projects/esp/esp-idf-v6.0.2/components/esp_rom/esp32s3/ld/esp32s3.rom.api.ld
-- Adding linker script /Users/bruno/Projects/esp/esp-idf-v6.0.2/components/esp_rom/esp32s3/ld/esp32s3.rom.bt_funcs.ld
-- Adding linker script /Users/bruno/Projects/esp/esp-idf-v6.0.2/components/esp_rom/esp32s3/ld/esp32s3.rom.libgcc.ld
-- Adding linker script /Users/bruno/Projects/esp/esp-idf-v6.0.2/components/esp_rom/esp32s3/ld/esp32s3.rom.version.ld
-- Adding linker script /Users/bruno/Projects/esp/esp-idf-v6.0.2/components/esp_rom/esp32s3/ld/esp32s3.rom.ble_master.ld
-- Adding linker script /Users/bruno/Projects/esp/esp-idf-v6.0.2/components/esp_rom/esp32s3/ld/esp32s3.rom.ble_50.ld
-- Adding linker script /Users/bruno/Projects/esp/esp-idf-v6.0.2/components/esp_rom/esp32s3/ld/esp32s3.rom.ble_smp.ld
-- Adding linker script /Users/bruno/Projects/esp/esp-idf-v6.0.2/components/esp_rom/esp32s3/ld/esp32s3.rom.ble_dtm.ld
-- Adding linker script /Users/bruno/Projects/esp/esp-idf-v6.0.2/components/esp_rom/esp32s3/ld/esp32s3.rom.ble_test.ld
-- Adding linker script /Users/bruno/Projects/esp/esp-idf-v6.0.2/components/esp_rom/esp32s3/ld/esp32s3.rom.ble_scan.ld
-- Adding linker script /Users/bruno/Projects/esp/esp-idf-v6.0.2/components/esp_rom/esp32s3/ld/esp32s3.rom.libc.ld
-- Adding linker script /Users/bruno/Projects/esp/esp-idf-v6.0.2/components/soc/esp32s3/ld/esp32s3.peripherals.ld
-- I2C_BUS: 1.5.2
78/esp_wifi_connect: IDF_VERSION_MAJOR is 6
78/esp_wifi_connect: idf_component_register for v6 used
-- ESP_LCD_NV3023: 1.0.1
-- IOT_ETH: 0.1.0
-- ADC_BATTERY_ESTIMATION: 0.2.2
-- BUTTON: 4.2.1
-- CONFIG_ESP32P4_SELECTS_REV_LESS_V3 is 
-- IDF_VERSION_MAJOR is 6
-- IDF_VERSION_MINOR is 0
-- IDF_VERSION_PATCH is 2
-- TARGET_LIB_PATH is set to: esp32s3
-- ESP_LCD_AXS15231B: 2.1.0
-- ESP_LCD_CO5300: 2.1.0
-- ESP_LCD_GC9A01: 2.0.4
-- ESP_LCD_ILI9341: 2.1.0
-- ESP_LCD_PANEL_IO_ADDITIONS: 1.0.1
-- ESP_LCD_SPD2010: 2.0.0
-- ESP_LCD_ST7701: 2.0.2
-- ESP_LCD_ST77916: 2.0.2
-- ESP_LCD_ST77922: 2.0.2
-- ESP_LCD_ST7796: 1.3.5
-- ESP_LCD_TOUCH_ST7123: 1.0.2
-- LVGL version: 9.5.0
-- ESP_MMAP_ASSETS: 1.4.0
-- ESP_CAM_SENSOR: 2.4.0
-- ESP_VIDEO: 2.4.1
-- IOT_USBH_CDC: 3.1.0
-- IOT_USBH_RNDIS: 0.3.1
-- KNOB: 1.1.0
-- Could NOT find ZLIB (missing: ZLIB_LIBRARY ZLIB_INCLUDE_DIR) 
-- Could NOT find PNG (missing: PNG_LIBRARY PNG_PNG_INCLUDE_DIR) 
-- Could NOT find ZLIB (missing: ZLIB_LIBRARY ZLIB_INCLUDE_DIR) 
-- ESP_EMOTE_EXPRESSION: 1.0.2
-- Otto Emoji GIF Component: gifs only at /Users/bruno/Projects/personal-assistant/managed_components/txp666__otto-emoji-gif-component/gifs
-- ESP_LCD_SH8601: 1.0.2
-- Default assets build configured: /Users/bruno/Projects/personal-assistant/build/generated_assets.bin
-- Generated default assets flash configured: /Users/bruno/Projects/personal-assistant/build/generated_assets.bin -> assets partition
-- DEBUG: Use esp-modbus component folder: /Users/bruno/Projects/personal-assistant/managed_components/espressif__esp-modbus.
-- build_components = xtensa;esp_stdio;esp_hal_dma;esp_hal_gpspi;esp_hal_clock;esp_hal_mspi;esp_blockdev;esp_hal_security;bootloader;esptool_py;partition_table;esp_app_format;esp_bootloader_format;app_update;esp_partition;efuse;esp_hal_timg;esp_timer;esp_security;esp_driver_gpio;esp_hal_uart;esp_pm;esp_mm;esp_driver_dma;mbedtls;esp_hal_wdt;esp_hal_ana_conv;esp_hal_rtc_timer;bootloader_support;spi_flash;esp_usb_cdc_rom_console;esp_system;esp_common;esp_rom;log;heap;hal;esp_hal_gpio;esp_hal_usb;esp_hal_pmu;esp_hal_touch_sens;esp_hal_i2s;esp_hw_support;freertos;esp_libc;pthread;cxx;soc;esp_hal_i2c;esp_hal_twai;esp_ringbuf;driver;esp_driver_i2c;espressif__cmake_utilities;espressif__i2c_bus;espressif__bq27220;esp_psram;esp_event;esp_driver_uart;esp_driver_usb_serial_jtag;vfs;lwip;esp_netif_stack;esp_netif;esp_driver_spi;esp_eth;esp_driver_i2s;esp_hal_ledc;esp_driver_ledc;esp_hal_jpeg;esp_driver_jpeg;esp_hal_ppa;esp_driver_ppa;esp_driver_tsens;console;nvs_sec_provider;nvs_flash;esp_phy;wpa_supplicant;esp_coex;esp_wifi;esp_gdbstub;bt;wear_levelling;esp_hal_sd;sdmmc;esp_driver_sd_intf;esp_driver_sdmmc;esp_driver_sdspi;fatfs;lvgl__lvgl;78__xiaozhi-fonts;http_parser;esp-tls;tcp_transport;espressif__mqtt;78__uart-uhci;78__esp-ml307;esp_http_server;espressif__cjson;78__esp-wifi-connect;esp_hal_parlio;esp_driver_bitscrambler;esp_driver_parlio;esp_hal_lcd;esp_lcd;78__esp_lcd_nv3023;espressif__iot_eth;78__uart-eth-modem;cube32esp__xpowerslib;esphome__esp-hub75;esp_adc;espressif__adc_battery_estimation;espressif__bmi270_sensor;espressif__button;spiffs;espressif__dl_fft;espressif__esp-dsp;espressif__esp-sr;espressif__esp_jpeg;espressif__esp32-camera;espressif__esp_audio_codec;espressif__gmf_fft;espressif__esp_audio_effects;espressif__esp_codec_dev;espressif__esp_image_effects;espressif__esp_io_expander;espressif__esp_io_expander_tca9554;espressif__esp_io_expander_tca95xx_16bit;espressif__esp_lcd_touch;espressif__esp_lcd_axs15231b;espressif__esp_lcd_co5300;espressif__esp_lcd_gc9a01;espressif__esp_lcd_ili9341;espressif__esp_lcd_panel_io_additions;espressif__esp_lcd_spd2010;espressif__esp_lcd_st7701;espressif__esp_lcd_st77916;espressif__esp_lcd_st77922;espressif__esp_lcd_st7796;espressif__esp_lcd_touch_cst816s;espressif__esp_lcd_touch_ft5x06;espressif__esp_lcd_touch_gt1151;espressif__esp_lcd_touch_gt911;espressif__esp_lcd_touch_st7123;espressif__esp_lvgl_port;espressif__esp_mmap_assets;espressif__esp_new_jpeg;esp_hal_cam;esp_driver_isp;esp_driver_cam;espressif__esp_sccb_intf;espressif__esp_cam_sensor;espressif__usb;espressif__usb_host_uvc;espressif__esp_video;espressif__iot_usbh_cdc;espressif__iot_usbh_rndis;espressif__knob;esp_hal_rmt;esp_driver_rmt;espressif__led_strip;espressif__freetype;laride__heatshrink;espressif2022__esp_emote_gfx;espressif2022__esp_emote_assets;espressif2022__esp_emote_expression;espressif2022__image_player;m5stack__m5ioe1;m5stack__m5pm1;tny-robotics__sh1106-esp-idf;txp666__otto-emoji-gif-component;waveshare__custom_io_expander_ch32v003;waveshare__esp_lcd_sh8601;waveshare__esp_lcd_touch_cst9217;wvirgil123__sscma_client;main;chmorgan__esp-libhelix-mp3;espressif__dm9051;espressif__esp-modbus;espressif__esp-zboss-lib;esp_hal_ieee802154;ieee802154;openthread;espressif__esp-zigbee-lib;espressif__esp_modem;espressif__ksz8851snl;espressif__mdns;protobuf-c;protocomm;espressif__network_provisioning;espressif__w5500;joltwallet__littlefs
-- Req espressif__mdns is found and added into espressif__esp-modbus dependencies.
-- The mdns included is: 
-- Component idf::espressif2022__esp_emote_expression will be linked with -Wl,--whole-archive
-- Component idf::main will be linked with -Wl,--whole-archive
-- Components: 78__esp-ml307 78__esp-wifi-connect 78__esp_lcd_nv3023 78__uart-eth-modem 78__uart-uhci 78__xiaozhi-fonts app_update bootloader bootloader_support bt chmorgan__esp-libhelix-mp3 console cube32esp__xpowerslib cxx driver efuse esp-tls esp_adc esp_app_format esp_blockdev esp_bootloader_format esp_coex esp_common esp_driver_bitscrambler esp_driver_cam esp_driver_dma esp_driver_gpio esp_driver_i2c esp_driver_i2s esp_driver_isp esp_driver_jpeg esp_driver_ledc esp_driver_parlio esp_driver_ppa esp_driver_rmt esp_driver_sd_intf esp_driver_sdmmc esp_driver_sdspi esp_driver_spi esp_driver_tsens esp_driver_uart esp_driver_usb_serial_jtag esp_eth esp_event esp_gdbstub esp_hal_ana_conv esp_hal_cam esp_hal_clock esp_hal_dma esp_hal_gpio esp_hal_gpspi esp_hal_i2c esp_hal_i2s esp_hal_ieee802154 esp_hal_jpeg esp_hal_lcd esp_hal_ledc esp_hal_mspi esp_hal_parlio esp_hal_pmu esp_hal_ppa esp_hal_rmt esp_hal_rtc_timer esp_hal_sd esp_hal_security esp_hal_timg esp_hal_touch_sens esp_hal_twai esp_hal_uart esp_hal_usb esp_hal_wdt esp_http_server esp_hw_support esp_lcd esp_libc esp_mm esp_netif esp_netif_stack esp_partition esp_phy esp_pm esp_psram esp_ringbuf esp_rom esp_security esp_stdio esp_system esp_timer esp_usb_cdc_rom_console esp_wifi esphome__esp-hub75 espressif2022__esp_emote_assets espressif2022__esp_emote_expression espressif2022__esp_emote_gfx espressif2022__image_player espressif__adc_battery_estimation espressif__bmi270_sensor espressif__bq27220 espressif__button espressif__cjson espressif__cmake_utilities espressif__dl_fft espressif__dm9051 espressif__esp-dsp espressif__esp-modbus espressif__esp-sr espressif__esp-zboss-lib espressif__esp-zigbee-lib espressif__esp32-camera espressif__esp_audio_codec espressif__esp_audio_effects espressif__esp_cam_sensor espressif__esp_codec_dev espressif__esp_image_effects espressif__esp_io_expander espressif__esp_io_expander_tca9554 espressif__esp_io_expander_tca95xx_16bit espressif__esp_jpeg espressif__esp_lcd_axs15231b espressif__esp_lcd_co5300 espressif__esp_lcd_gc9a01 espressif__esp_lcd_ili9341 espressif__esp_lcd_panel_io_additions espressif__esp_lcd_spd2010 espressif__esp_lcd_st7701 espressif__esp_lcd_st77916 espressif__esp_lcd_st77922 espressif__esp_lcd_st7796 espressif__esp_lcd_touch espressif__esp_lcd_touch_cst816s espressif__esp_lcd_touch_ft5x06 espressif__esp_lcd_touch_gt1151 espressif__esp_lcd_touch_gt911 espressif__esp_lcd_touch_st7123 espressif__esp_lvgl_port espressif__esp_mmap_assets espressif__esp_modem espressif__esp_new_jpeg espressif__esp_sccb_intf espressif__esp_video espressif__freetype espressif__gmf_fft espressif__i2c_bus espressif__iot_eth espressif__iot_usbh_cdc espressif__iot_usbh_rndis espressif__knob espressif__ksz8851snl espressif__led_strip espressif__mdns espressif__mqtt espressif__network_provisioning espressif__usb espressif__usb_host_uvc espressif__w5500 esptool_py fatfs freertos hal heap http_parser ieee802154 joltwallet__littlefs laride__heatshrink log lvgl__lvgl lwip m5stack__m5ioe1 m5stack__m5pm1 main mbedtls nvs_flash nvs_sec_provider openthread partition_table protobuf-c protocomm pthread sdmmc soc spi_flash spiffs tcp_transport tny-robotics__sh1106-esp-idf txp666__otto-emoji-gif-component vfs waveshare__custom_io_expander_ch32v003 waveshare__esp_lcd_sh8601 waveshare__esp_lcd_touch_cst9217 wear_levelling wpa_supplicant wvirgil123__sscma_client xtensa
-- Component paths: /Users/bruno/Projects/personal-assistant/managed_components/78__esp-ml307 /Users/bruno/Projects/personal-assistant/managed_components/78__esp-wifi-connect /Users/bruno/Projects/personal-assistant/managed_components/78__esp_lcd_nv3023 /Users/bruno/Projects/personal-assistant/managed_components/78__uart-eth-modem /Users/bruno/Projects/personal-assistant/managed_components/78__uart-uhci /Users/bruno/Projects/personal-assistant/managed_components/78__xiaozhi-fonts /Users/bruno/Projects/esp/esp-idf-v6.0.2/components/app_update /Users/bruno/Projects/esp/esp-idf-v6.0.2/components/bootloader /Users/bruno/Projects/esp/esp-idf-v6.0.2/components/bootloader_support /Users/bruno/Projects/esp/esp-idf-v6.0.2/components/bt /Users/bruno/Projects/personal-assistant/managed_components/chmorgan__esp-libhelix-mp3 /Users/bruno/Projects/esp/esp-idf-v6.0.2/components/console /Users/bruno/Projects/personal-assistant/managed_components/cube32esp__xpowerslib /Users/bruno/Projects/esp/esp-idf-v6.0.2/components/cxx /Users/bruno/Projects/esp/esp-idf-v6.0.2/components/driver /Users/bruno/Projects/esp/esp-idf-v6.0.2/components/efuse /Users/bruno/Projects/esp/esp-idf-v6.0.2/components/esp-tls /Users/bruno/Projects/esp/esp-idf-v6.0.2/components/esp_adc /Users/bruno/Projects/esp/esp-idf-v6.0.2/components/esp_app_format /Users/bruno/Projects/esp/esp-idf-v6.0.2/components/esp_blockdev /Users/bruno/Projects/esp/esp-idf-v6.0.2/components/esp_bootloader_format /Users/bruno/Projects/esp/esp-idf-v6.0.2/components/esp_coex /Users/bruno/Projects/esp/esp-idf-v6.0.2/components/esp_common /Users/bruno/Projects/esp/esp-idf-v6.0.2/components/esp_driver_bitscrambler /Users/bruno/Projects/esp/esp-idf-v6.0.2/components/esp_driver_cam /Users/bruno/Projects/esp/esp-idf-v6.0.2/components/esp_driver_dma /Users/bruno/Projects/esp/esp-idf-v6.0.2/components/esp_driver_gpio /Users/bruno/Projects/esp/esp-idf-v6.0.2/components/esp_driver_i2c /Users/bruno/Projects/esp/esp-idf-v6.0.2/components/esp_driver_i2s /Users/bruno/Projects/esp/esp-idf-v6.0.2/components/esp_driver_isp /Users/bruno/Projects/esp/esp-idf-v6.0.2/components/esp_driver_jpeg /Users/bruno/Projects/esp/esp-idf-v6.0.2/components/esp_driver_ledc /Users/bruno/Projects/esp/esp-idf-v6.0.2/components/esp_driver_parlio /Users/bruno/Projects/esp/esp-idf-v6.0.2/components/esp_driver_ppa /Users/bruno/Projects/esp/esp-idf-v6.0.2/components/esp_driver_rmt /Users/bruno/Projects/esp/esp-idf-v6.0.2/components/esp_driver_sd_intf /Users/bruno/Projects/esp/esp-idf-v6.0.2/components/esp_driver_sdmmc /Users/bruno/Projects/esp/esp-idf-v6.0.2/components/esp_driver_sdspi /Users/bruno/Projects/esp/esp-idf-v6.0.2/components/esp_driver_spi /Users/bruno/Projects/esp/esp-idf-v6.0.2/components/esp_driver_tsens /Users/bruno/Projects/esp/esp-idf-v6.0.2/components/esp_driver_uart /Users/bruno/Projects/esp/esp-idf-v6.0.2/components/esp_driver_usb_serial_jtag /Users/bruno/Projects/esp/esp-idf-v6.0.2/components/esp_eth /Users/bruno/Projects/esp/esp-idf-v6.0.2/components/esp_event /Users/bruno/Projects/esp/esp-idf-v6.0.2/components/esp_gdbstub /Users/bruno/Projects/esp/esp-idf-v6.0.2/components/esp_hal_ana_conv /Users/bruno/Projects/esp/esp-idf-v6.0.2/components/esp_hal_cam /Users/bruno/Projects/esp/esp-idf-v6.0.2/components/esp_hal_clock /Users/bruno/Projects/esp/esp-idf-v6.0.2/components/esp_hal_dma /Users/bruno/Projects/esp/esp-idf-v6.0.2/components/esp_hal_gpio /Users/bruno/Projects/esp/esp-idf-v6.0.2/components/esp_hal_gpspi /Users/bruno/Projects/esp/esp-idf-v6.0.2/components/esp_hal_i2c /Users/bruno/Projects/esp/esp-idf-v6.0.2/components/esp_hal_i2s /Users/bruno/Projects/esp/esp-idf-v6.0.2/components/esp_hal_ieee802154 /Users/bruno/Projects/esp/esp-idf-v6.0.2/components/esp_hal_jpeg /Users/bruno/Projects/esp/esp-idf-v6.0.2/components/esp_hal_lcd /Users/bruno/Projects/esp/esp-idf-v6.0.2/components/esp_hal_ledc /Users/bruno/Projects/esp/esp-idf-v6.0.2/components/esp_hal_mspi /Users/bruno/Projects/esp/esp-idf-v6.0.2/components/esp_hal_parlio /Users/bruno/Projects/esp/esp-idf-v6.0.2/components/esp_hal_pmu /Users/bruno/Projects/esp/esp-idf-v6.0.2/components/esp_hal_ppa /Users/bruno/Projects/esp/esp-idf-v6.0.2/components/esp_hal_rmt /Users/bruno/Projects/esp/esp-idf-v6.0.2/components/esp_hal_rtc_timer /Users/bruno/Projects/esp/esp-idf-v6.0.2/components/esp_hal_sd /Users/bruno/Projects/esp/esp-idf-v6.0.2/components/esp_hal_security /Users/bruno/Projects/esp/esp-idf-v6.0.2/components/esp_hal_timg /Users/bruno/Projects/esp/esp-idf-v6.0.2/components/esp_hal_touch_sens /Users/bruno/Projects/esp/esp-idf-v6.0.2/components/esp_hal_twai /Users/bruno/Projects/esp/esp-idf-v6.0.2/components/esp_hal_uart /Users/bruno/Projects/esp/esp-idf-v6.0.2/components/esp_hal_usb /Users/bruno/Projects/esp/esp-idf-v6.0.2/components/esp_hal_wdt /Users/bruno/Projects/esp/esp-idf-v6.0.2/components/esp_http_server /Users/bruno/Projects/esp/esp-idf-v6.0.2/components/esp_hw_support /Users/bruno/Projects/esp/esp-idf-v6.0.2/components/esp_lcd /Users/bruno/Projects/esp/esp-idf-v6.0.2/components/esp_libc /Users/bruno/Projects/esp/esp-idf-v6.0.2/components/esp_mm /Users/bruno/Projects/esp/esp-idf-v6.0.2/components/esp_netif /Users/bruno/Projects/esp/esp-idf-v6.0.2/components/esp_netif_stack /Users/bruno/Projects/esp/esp-idf-v6.0.2/components/esp_partition /Users/bruno/Projects/esp/esp-idf-v6.0.2/components/esp_phy /Users/bruno/Projects/esp/esp-idf-v6.0.2/components/esp_pm /Users/bruno/Projects/esp/esp-idf-v6.0.2/components/esp_psram /Users/bruno/Projects/esp/esp-idf-v6.0.2/components/esp_ringbuf /Users/bruno/Projects/esp/esp-idf-v6.0.2/components/esp_rom /Users/bruno/Projects/esp/esp-idf-v6.0.2/components/esp_security /Users/bruno/Projects/esp/esp-idf-v6.0.2/components/esp_stdio /Users/bruno/Projects/esp/esp-idf-v6.0.2/components/esp_system /Users/bruno/Projects/esp/esp-idf-v6.0.2/components/esp_timer /Users/bruno/Projects/esp/esp-idf-v6.0.2/components/esp_usb_cdc_rom_console /Users/bruno/Projects/esp/esp-idf-v6.0.2/components/esp_wifi /Users/bruno/Projects/personal-assistant/managed_components/esphome__esp-hub75 /Users/bruno/Projects/personal-assistant/managed_components/espressif2022__esp_emote_assets /Users/bruno/Projects/personal-assistant/managed_components/espressif2022__esp_emote_expression /Users/bruno/Projects/personal-assistant/managed_components/espressif2022__esp_emote_gfx /Users/bruno/Projects/personal-assistant/managed_components/espressif2022__image_player /Users/bruno/Projects/personal-assistant/managed_components/espressif__adc_battery_estimation /Users/bruno/Projects/personal-assistant/managed_components/espressif__bmi270_sensor /Users/bruno/Projects/personal-assistant/managed_components/espressif__bq27220 /Users/bruno/Projects/personal-assistant/managed_components/espressif__button /Users/bruno/Projects/personal-assistant/managed_components/espressif__cjson /Users/bruno/Projects/personal-assistant/managed_components/espressif__cmake_utilities /Users/bruno/Projects/personal-assistant/managed_components/espressif__dl_fft /Users/bruno/Projects/personal-assistant/managed_components/espressif__dm9051 /Users/bruno/Projects/personal-assistant/managed_components/espressif__esp-dsp /Users/bruno/Projects/personal-assistant/managed_components/espressif__esp-modbus /Users/bruno/Projects/personal-assistant/managed_components/espressif__esp-sr /Users/bruno/Projects/personal-assistant/managed_components/espressif__esp-zboss-lib /Users/bruno/Projects/personal-assistant/managed_components/espressif__esp-zigbee-lib /Users/bruno/Projects/personal-assistant/managed_components/espressif__esp32-camera /Users/bruno/Projects/personal-assistant/managed_components/espressif__esp_audio_codec /Users/bruno/Projects/personal-assistant/managed_components/espressif__esp_audio_effects /Users/bruno/Projects/personal-assistant/managed_components/espressif__esp_cam_sensor /Users/bruno/Projects/personal-assistant/managed_components/espressif__esp_codec_dev /Users/bruno/Projects/personal-assistant/managed_components/espressif__esp_image_effects /Users/bruno/Projects/personal-assistant/managed_components/espressif__esp_io_expander /Users/bruno/Projects/personal-assistant/managed_components/espressif__esp_io_expander_tca9554 /Users/bruno/Projects/personal-assistant/managed_components/espressif__esp_io_expander_tca95xx_16bit /Users/bruno/Projects/personal-assistant/managed_components/espressif__esp_jpeg /Users/bruno/Projects/personal-assistant/managed_components/espressif__esp_lcd_axs15231b /Users/bruno/Projects/personal-assistant/managed_components/espressif__esp_lcd_co5300 /Users/bruno/Projects/personal-assistant/managed_components/espressif__esp_lcd_gc9a01 /Users/bruno/Projects/personal-assistant/managed_components/espressif__esp_lcd_ili9341 /Users/bruno/Projects/personal-assistant/managed_components/espressif__esp_lcd_panel_io_additions /Users/bruno/Projects/personal-assistant/managed_components/espressif__esp_lcd_spd2010 /Users/bruno/Projects/personal-assistant/managed_components/espressif__esp_lcd_st7701 /Users/bruno/Projects/personal-assistant/managed_components/espressif__esp_lcd_st77916 /Users/bruno/Projects/personal-assistant/managed_components/espressif__esp_lcd_st77922 /Users/bruno/Projects/personal-assistant/managed_components/espressif__esp_lcd_st7796 /Users/bruno/Projects/personal-assistant/managed_components/espressif__esp_lcd_touch /Users/bruno/Projects/personal-assistant/managed_components/espressif__esp_lcd_touch_cst816s /Users/bruno/Projects/personal-assistant/managed_components/espressif__esp_lcd_touch_ft5x06 /Users/bruno/Projects/personal-assistant/managed_components/espressif__esp_lcd_touch_gt1151 /Users/bruno/Projects/personal-assistant/managed_components/espressif__esp_lcd_touch_gt911 /Users/bruno/Projects/personal-assistant/managed_components/espressif__esp_lcd_touch_st7123 /Users/bruno/Projects/personal-assistant/managed_components/espressif__esp_lvgl_port /Users/bruno/Projects/personal-assistant/managed_components/espressif__esp_mmap_assets /Users/bruno/Projects/personal-assistant/managed_components/espressif__esp_modem /Users/bruno/Projects/personal-assistant/managed_components/espressif__esp_new_jpeg /Users/bruno/Projects/personal-assistant/managed_components/espressif__esp_sccb_intf /Users/bruno/Projects/personal-assistant/managed_components/espressif__esp_video /Users/bruno/Projects/personal-assistant/managed_components/espressif__freetype /Users/bruno/Projects/personal-assistant/managed_components/espressif__gmf_fft /Users/bruno/Projects/personal-assistant/managed_components/espressif__i2c_bus /Users/bruno/Projects/personal-assistant/managed_components/espressif__iot_eth /Users/bruno/Projects/personal-assistant/managed_components/espressif__iot_usbh_cdc /Users/bruno/Projects/personal-assistant/managed_components/espressif__iot_usbh_rndis /Users/bruno/Projects/personal-assistant/managed_components/espressif__knob /Users/bruno/Projects/personal-assistant/managed_components/espressif__ksz8851snl /Users/bruno/Projects/personal-assistant/managed_components/espressif__led_strip /Users/bruno/Projects/personal-assistant/managed_components/espressif__mdns /Users/bruno/Projects/personal-assistant/managed_components/espressif__mqtt /Users/bruno/Projects/personal-assistant/managed_components/espressif__network_provisioning /Users/bruno/Projects/personal-assistant/managed_components/espressif__usb /Users/bruno/Projects/personal-assistant/managed_components/espressif__usb_host_uvc /Users/bruno/Projects/personal-assistant/managed_components/espressif__w5500 /Users/bruno/Projects/esp/esp-idf-v6.0.2/components/esptool_py /Users/bruno/Projects/esp/esp-idf-v6.0.2/components/fatfs /Users/bruno/Projects/esp/esp-idf-v6.0.2/components/freertos /Users/bruno/Projects/esp/esp-idf-v6.0.2/components/hal /Users/bruno/Projects/esp/esp-idf-v6.0.2/components/heap /Users/bruno/Projects/esp/esp-idf-v6.0.2/components/http_parser /Users/bruno/Projects/esp/esp-idf-v6.0.2/components/ieee802154 /Users/bruno/Projects/personal-assistant/managed_components/joltwallet__littlefs /Users/bruno/Projects/personal-assistant/managed_components/laride__heatshrink /Users/bruno/Projects/esp/esp-idf-v6.0.2/components/log /Users/bruno/Projects/personal-assistant/managed_components/lvgl__lvgl /Users/bruno/Projects/esp/esp-idf-v6.0.2/components/lwip /Users/bruno/Projects/personal-assistant/managed_components/m5stack__m5ioe1 /Users/bruno/Projects/personal-assistant/managed_components/m5stack__m5pm1 /Users/bruno/Projects/personal-assistant/main /Users/bruno/Projects/esp/esp-idf-v6.0.2/components/mbedtls /Users/bruno/Projects/esp/esp-idf-v6.0.2/components/nvs_flash /Users/bruno/Projects/esp/esp-idf-v6.0.2/components/nvs_sec_provider /Users/bruno/Projects/esp/esp-idf-v6.0.2/components/openthread /Users/bruno/Projects/esp/esp-idf-v6.0.2/components/partition_table /Users/bruno/Projects/esp/esp-idf-v6.0.2/components/protobuf-c /Users/bruno/Projects/esp/esp-idf-v6.0.2/components/protocomm /Users/bruno/Projects/esp/esp-idf-v6.0.2/components/pthread /Users/bruno/Projects/esp/esp-idf-v6.0.2/components/sdmmc /Users/bruno/Projects/esp/esp-idf-v6.0.2/components/soc /Users/bruno/Projects/esp/esp-idf-v6.0.2/components/spi_flash /Users/bruno/Projects/esp/esp-idf-v6.0.2/components/spiffs /Users/bruno/Projects/esp/esp-idf-v6.0.2/components/tcp_transport /Users/bruno/Projects/personal-assistant/managed_components/tny-robotics__sh1106-esp-idf /Users/bruno/Projects/personal-assistant/managed_components/txp666__otto-emoji-gif-component /Users/bruno/Projects/esp/esp-idf-v6.0.2/components/vfs /Users/bruno/Projects/personal-assistant/managed_components/waveshare__custom_io_expander_ch32v003 /Users/bruno/Projects/personal-assistant/managed_components/waveshare__esp_lcd_sh8601 /Users/bruno/Projects/personal-assistant/managed_components/waveshare__esp_lcd_touch_cst9217 /Users/bruno/Projects/esp/esp-idf-v6.0.2/components/wear_levelling /Users/bruno/Projects/esp/esp-idf-v6.0.2/components/wpa_supplicant /Users/bruno/Projects/personal-assistant/managed_components/wvirgil123__sscma_client /Users/bruno/Projects/esp/esp-idf-v6.0.2/components/xtensa
-- Configuring done (65.4s)
-- Generating done (0.7s)
-- Build files have been written to: /Users/bruno/Projects/personal-assistant/build
Executing action: all (aliases: build)
Running ninja in directory /Users/bruno/Projects/personal-assistant/build
Executing "ninja all"...
[0/2] Re-checking globbed directories...
[1/12] Building default assets.bin based on configuration
Building default assets...
  sdkconfig: /Users/bruno/Projects/personal-assistant/sdkconfig
  builtin_text_font: font_noto_sans_basic_20_4
  emoji_collection: noto-color-emoji_64
  output: /Users/bruno/Projects/personal-assistant/build/generated_assets.bin
  wakenet models: wn9_nihaoxiaozhi_tts (will be packaged)
Starting to build assets...
Copied directory: /Users/bruno/Projects/personal-assistant/managed_components/espressif__esp-sr/model/wakenet_model/wn9_nihaoxiaozhi_tts -> /Users/bruno/Projects/personal-assistant/build/temp_build/srmodels/wn9_nihaoxiaozhi_tts
Added wakenet model: wn9_nihaoxiaozhi_tts
Generated: /Users/bruno/Projects/personal-assistant/build/temp_build/srmodels/srmodels.bin
Copied: /Users/bruno/Projects/personal-assistant/build/temp_build/srmodels/srmodels.bin -> /Users/bruno/Projects/personal-assistant/build/temp_build/assets/srmodels.bin
Copied: /Users/bruno/Projects/personal-assistant/managed_components/78__xiaozhi-fonts/cbin/font_noto_sans_common_20_4.bin -> /Users/bruno/Projects/personal-assistant/build/temp_build/assets/font_noto_sans_common_20_4.bin
Copied: /Users/bruno/Projects/personal-assistant/managed_components/78__xiaozhi-fonts/png/noto-color-emoji_64/happy.png -> /Users/bruno/Projects/personal-assistant/build/temp_build/assets/happy.png
Copied: /Users/bruno/Projects/personal-assistant/managed_components/78__xiaozhi-fonts/png/noto-color-emoji_64/delicious.png -> /Users/bruno/Projects/personal-assistant/build/temp_build/assets/delicious.png
Copied: /Users/bruno/Projects/personal-assistant/managed_components/78__xiaozhi-fonts/png/noto-color-emoji_64/neutral.png -> /Users/bruno/Projects/personal-assistant/build/temp_build/assets/neutral.png
Copied: /Users/bruno/Projects/personal-assistant/managed_components/78__xiaozhi-fonts/png/noto-color-emoji_64/crying.png -> /Users/bruno/Projects/personal-assistant/build/temp_build/assets/crying.png
Copied: /Users/bruno/Projects/personal-assistant/managed_components/78__xiaozhi-fonts/png/noto-color-emoji_64/silly.png -> /Users/bruno/Projects/personal-assistant/build/temp_build/assets/silly.png
Copied: /Users/bruno/Projects/personal-assistant/managed_components/78__xiaozhi-fonts/png/noto-color-emoji_64/sad.png -> /Users/bruno/Projects/personal-assistant/build/temp_build/assets/sad.png
Copied: /Users/bruno/Projects/personal-assistant/managed_components/78__xiaozhi-fonts/png/noto-color-emoji_64/surprised.png -> /Users/bruno/Projects/personal-assistant/build/temp_build/assets/surprised.png
Copied: /Users/bruno/Projects/personal-assistant/managed_components/78__xiaozhi-fonts/png/noto-color-emoji_64/confident.png -> /Users/bruno/Projects/personal-assistant/build/temp_build/assets/confident.png
Copied: /Users/bruno/Projects/personal-assistant/managed_components/78__xiaozhi-fonts/png/noto-color-emoji_64/winking.png -> /Users/bruno/Projects/personal-assistant/build/temp_build/assets/winking.png
Copied: /Users/bruno/Projects/personal-assistant/managed_components/78__xiaozhi-fonts/png/noto-color-emoji_64/relaxed.png -> /Users/bruno/Projects/personal-assistant/build/temp_build/assets/relaxed.png
Copied: /Users/bruno/Projects/personal-assistant/managed_components/78__xiaozhi-fonts/png/noto-color-emoji_64/embarrassed.png -> /Users/bruno/Projects/personal-assistant/build/temp_build/assets/embarrassed.png
Copied: /Users/bruno/Projects/personal-assistant/managed_components/78__xiaozhi-fonts/png/noto-color-emoji_64/confused.png -> /Users/bruno/Projects/personal-assistant/build/temp_build/assets/confused.png
Copied: /Users/bruno/Projects/personal-assistant/managed_components/78__xiaozhi-fonts/png/noto-color-emoji_64/loving.png -> /Users/bruno/Projects/personal-assistant/build/temp_build/assets/loving.png
Copied: /Users/bruno/Projects/personal-assistant/managed_components/78__xiaozhi-fonts/png/noto-color-emoji_64/kissy.png -> /Users/bruno/Projects/personal-assistant/build/temp_build/assets/kissy.png
Copied: /Users/bruno/Projects/personal-assistant/managed_components/78__xiaozhi-fonts/png/noto-color-emoji_64/sleepy.png -> /Users/bruno/Projects/personal-assistant/build/temp_build/assets/sleepy.png
Copied: /Users/bruno/Projects/personal-assistant/managed_components/78__xiaozhi-fonts/png/noto-color-emoji_64/angry.png -> /Users/bruno/Projects/personal-assistant/build/temp_build/assets/angry.png
Copied: /Users/bruno/Projects/personal-assistant/managed_components/78__xiaozhi-fonts/png/noto-color-emoji_64/thinking.png -> /Users/bruno/Projects/personal-assistant/build/temp_build/assets/thinking.png
Copied: /Users/bruno/Projects/personal-assistant/managed_components/78__xiaozhi-fonts/png/noto-color-emoji_64/funny.png -> /Users/bruno/Projects/personal-assistant/build/temp_build/assets/funny.png
Copied: /Users/bruno/Projects/personal-assistant/managed_components/78__xiaozhi-fonts/png/noto-color-emoji_64/cool.png -> /Users/bruno/Projects/personal-assistant/build/temp_build/assets/cool.png
Copied: /Users/bruno/Projects/personal-assistant/managed_components/78__xiaozhi-fonts/png/noto-color-emoji_64/shocked.png -> /Users/bruno/Projects/personal-assistant/build/temp_build/assets/shocked.png
Copied: /Users/bruno/Projects/personal-assistant/managed_components/78__xiaozhi-fonts/png/noto-color-emoji_64/laughing.png -> /Users/bruno/Projects/personal-assistant/build/temp_build/assets/laughing.png
Generated: /Users/bruno/Projects/personal-assistant/build/temp_build/assets/index.json
Generated: /Users/bruno/Projects/personal-assistant/build/temp_build/config.json
All files have been merged into assets.bin
Successfully generated assets.bin: /Users/bruno/Projects/personal-assistant/build/generated_assets.bin
Assets file size: 1625.17K (1664169 bytes)
Build completed successfully!
[2/12] Building CXX object esp-idf/main/CMakeFiles/__idf_main.dir/tools/email_notify.cc.obj
[3/12] Building CXX object esp-idf/main/CMakeFiles/__idf_main.dir/tools/web_search.cc.obj
[4/12] Linking C static library esp-idf/main/libmain.a
[5/12] Performing build step for 'bootloader'
[0/1] Re-running CMake...
-- Component directory /Users/bruno/Projects/esp/esp-idf-v6.0.2/components/mqtt does not contain a CMakeLists.txt file. No component will be added
-- Minimal build - OFF
-- Building ESP-IDF components for target esp32s3
-- ESP-TEE is currently supported only on the esp32c6;esp32h2;esp32c5;esp32c61 SoCs
-- KCONFIG_REPORT_VERBOSITY not set, using default
-- Project sdkconfig file /Users/bruno/Projects/personal-assistant/sdkconfig
NOTE: Kconfig parser version: 1
NOTE: Kconfig defaults policy: use sdkconfig
NOTE: Status: Finished successfully
-- Compiler supported targets: xtensa-esp-elf
-- Detecting C compiler ABI info
-- Detecting C compiler ABI info - done
-- Detecting CXX compiler ABI info
-- Detecting CXX compiler ABI info - done
-- Detecting C compiler ABI info
-- Detecting C compiler ABI info - done
-- Detecting CXX compiler ABI info
-- Detecting CXX compiler ABI info - done
-- Adding linker script /Users/bruno/Projects/esp/esp-idf-v6.0.2/components/soc/esp32s3/ld/esp32s3.peripherals.ld
-- Bootloader project name: "bootloader" version: 1
-- Adding linker script /Users/bruno/Projects/esp/esp-idf-v6.0.2/components/esp_hal_wdt/esp32s3/rom.wdt.ld
-- Adding linker script /Users/bruno/Projects/esp/esp-idf-v6.0.2/components/esp_rom/esp32s3/ld/esp32s3.rom.ld
-- Adding linker script /Users/bruno/Projects/esp/esp-idf-v6.0.2/components/esp_rom/esp32s3/ld/esp32s3.rom.api.ld
-- Adding linker script /Users/bruno/Projects/esp/esp-idf-v6.0.2/components/esp_rom/esp32s3/ld/esp32s3.rom.bt_funcs.ld
-- Adding linker script /Users/bruno/Projects/esp/esp-idf-v6.0.2/components/esp_rom/esp32s3/ld/esp32s3.rom.libgcc.ld
-- Adding linker script /Users/bruno/Projects/esp/esp-idf-v6.0.2/components/esp_rom/esp32s3/ld/esp32s3.rom.version.ld
-- Adding linker script /Users/bruno/Projects/esp/esp-idf-v6.0.2/components/esp_rom/esp32s3/ld/esp32s3.rom.libc.ld
-- Components: bootloader bootloader_support efuse esp_app_format esp_blockdev esp_bootloader_format esp_common esp_hal_ana_conv esp_hal_clock esp_hal_dma esp_hal_gpio esp_hal_gpspi esp_hal_mspi esp_hal_pmu esp_hal_rtc_timer esp_hal_security esp_hal_timg esp_hal_uart esp_hal_usb esp_hal_wdt esp_hw_support esp_libc esp_rom esp_security esp_stdio esp_system esptool_py freertos hal log main micro-ecc partition_table soc spi_flash xtensa
-- Component paths: /Users/bruno/Projects/esp/esp-idf-v6.0.2/components/bootloader /Users/bruno/Projects/esp/esp-idf-v6.0.2/components/bootloader_support /Users/bruno/Projects/esp/esp-idf-v6.0.2/components/efuse /Users/bruno/Projects/esp/esp-idf-v6.0.2/components/esp_app_format /Users/bruno/Projects/esp/esp-idf-v6.0.2/components/esp_blockdev /Users/bruno/Projects/esp/esp-idf-v6.0.2/components/esp_bootloader_format /Users/bruno/Projects/esp/esp-idf-v6.0.2/components/esp_common /Users/bruno/Projects/esp/esp-idf-v6.0.2/components/esp_hal_ana_conv /Users/bruno/Projects/esp/esp-idf-v6.0.2/components/esp_hal_clock /Users/bruno/Projects/esp/esp-idf-v6.0.2/components/esp_hal_dma /Users/bruno/Projects/esp/esp-idf-v6.0.2/components/esp_hal_gpio /Users/bruno/Projects/esp/esp-idf-v6.0.2/components/esp_hal_gpspi /Users/bruno/Projects/esp/esp-idf-v6.0.2/components/esp_hal_mspi /Users/bruno/Projects/esp/esp-idf-v6.0.2/components/esp_hal_pmu /Users/bruno/Projects/esp/esp-idf-v6.0.2/components/esp_hal_rtc_timer /Users/bruno/Projects/esp/esp-idf-v6.0.2/components/esp_hal_security /Users/bruno/Projects/esp/esp-idf-v6.0.2/components/esp_hal_timg /Users/bruno/Projects/esp/esp-idf-v6.0.2/components/esp_hal_uart /Users/bruno/Projects/esp/esp-idf-v6.0.2/components/esp_hal_usb /Users/bruno/Projects/esp/esp-idf-v6.0.2/components/esp_hal_wdt /Users/bruno/Projects/esp/esp-idf-v6.0.2/components/esp_hw_support /Users/bruno/Projects/esp/esp-idf-v6.0.2/components/esp_libc /Users/bruno/Projects/esp/esp-idf-v6.0.2/components/esp_rom /Users/bruno/Projects/esp/esp-idf-v6.0.2/components/esp_security /Users/bruno/Projects/esp/esp-idf-v6.0.2/components/esp_stdio /Users/bruno/Projects/esp/esp-idf-v6.0.2/components/esp_system /Users/bruno/Projects/esp/esp-idf-v6.0.2/components/esptool_py /Users/bruno/Projects/esp/esp-idf-v6.0.2/components/freertos /Users/bruno/Projects/esp/esp-idf-v6.0.2/components/hal /Users/bruno/Projects/esp/esp-idf-v6.0.2/components/log /Users/bruno/Projects/esp/esp-idf-v6.0.2/components/bootloader/subproject/main /Users/bruno/Projects/esp/esp-idf-v6.0.2/components/bootloader/subproject/components/micro-ecc /Users/bruno/Projects/esp/esp-idf-v6.0.2/components/partition_table /Users/bruno/Projects/esp/esp-idf-v6.0.2/components/soc /Users/bruno/Projects/esp/esp-idf-v6.0.2/components/spi_flash /Users/bruno/Projects/esp/esp-idf-v6.0.2/components/xtensa
-- Adding linker script /Users/bruno/Projects/esp/esp-idf-v6.0.2/components/bootloader/subproject/main/ld/esp32s3/bootloader.memory.ld.in
--   -> Preprocessing .in script: /Users/bruno/Projects/esp/esp-idf-v6.0.2/components/bootloader/subproject/main/ld/esp32s3/bootloader.memory.ld.in
-- Adding linker script /Users/bruno/Projects/esp/esp-idf-v6.0.2/components/bootloader/subproject/main/ld/esp32s3/bootloader.sections.ld.in
--   -> Preprocessing .in script: /Users/bruno/Projects/esp/esp-idf-v6.0.2/components/bootloader/subproject/main/ld/esp32s3/bootloader.sections.ld.in
-- Configuring done (2.8s)
-- Generating done (0.1s)
-- Build files have been written to: /Users/bruno/Projects/personal-assistant/build/bootloader
[1/2] cd /Users/bruno/Projects/personal-assistant/build/bootloader && /Users/bruno/.espressif/python_env/idf6.0_py3.14_env/bin/python3 /Users/bruno/Projects/esp/esp-idf-v6.0.2/components/partition_table/check_sizes.py --offset 0x8000 bootloader 0x0 /Users/bruno/Projects/personal-assistant/build/bootloader/bootloader.bin
Bootloader binary size 0x4120 bytes. 0x3ee0 bytes (49%) free.
[6/12] No install step for 'bootloader'
[7/12] Completed 'bootloader'
[8/12] Generating esp-idf/esp_system/ld/sections.ld
NOTE: 
/Users/bruno/Projects/personal-assistant/managed_components/espressif__esp-sr/Kc
onfig.projbuild:58: SR_WN_WN9S_HILEXIN: 'default False' is not a valid bool 
value (only 'y' and 'n' are allowed). Value is treated as 'n'.
NOTE: 
/Users/bruno/Projects/personal-assistant/managed_components/espressif__esp-sr/Kc
onfig.projbuild:62: SR_WN_WN9S_HIESP: 'default False' is not a valid bool value 
(only 'y' and 'n' are allowed). Value is treated as 'n'.
NOTE: 
/Users/bruno/Projects/personal-assistant/managed_components/espressif__esp-sr/Kc
onfig.projbuild:66: SR_WN_WN9S_NIHAOXIAOZHI: 'default False' is not a valid bool
value (only 'y' and 'n' are allowed). Value is treated as 'n'.
NOTE: 
/Users/bruno/Projects/personal-assistant/managed_components/espressif__esp-sr/Kc
onfig.projbuild:70: SR_WN_WN9S_HIJASON: 'default False' is not a valid bool 
value (only 'y' and 'n' are allowed). Value is treated as 'n'.
NOTE: 
/Users/bruno/Projects/personal-assistant/managed_components/espressif__esp-sr/Kc
onfig.projbuild:79: SR_WN_WN9_HILEXIN: 'default False' is not a valid bool value
(only 'y' and 'n' are allowed). Value is treated as 'n'.
NOTE: 
/Users/bruno/Projects/personal-assistant/managed_components/espressif__esp-sr/Kc
onfig.projbuild:83: SR_WN_WN9_HIESP: 'default False' is not a valid bool value 
(only 'y' and 'n' are allowed). Value is treated as 'n'.
NOTE: 
/Users/bruno/Projects/personal-assistant/managed_components/espressif__esp-sr/Kc
onfig.projbuild:87: SR_WN_WN9L_JA_KONNICHIHAESP_TTS3: 'default False' is not a 
valid bool value (only 'y' and 'n' are allowed). Value is treated as 'n'.
NOTE: 
/Users/bruno/Projects/personal-assistant/managed_components/espressif__esp-sr/Kc
onfig.projbuild:91: SR_WN_WN9L_FR_BONJOURESP_TTS3: 'default False' is not a 
valid bool value (only 'y' and 'n' are allowed). Value is treated as 'n'.
NOTE: 
/Users/bruno/Projects/personal-assistant/managed_components/espressif__esp-sr/Kc
onfig.projbuild:95: SR_WN_WN9_NIHAOMIAOBAN_TTS2: 'default False' is not a valid 
bool value (only 'y' and 'n' are allowed). Value is treated as 'n'.
NOTE: 
/Users/bruno/Projects/personal-assistant/managed_components/espressif__esp-sr/Kc
onfig.projbuild:99: SR_WN_WN9_XIAOAITONGXUE: 'default False' is not a valid bool
value (only 'y' and 'n' are allowed). Value is treated as 'n'.
NOTE: 
/Users/bruno/Projects/personal-assistant/managed_components/espressif__esp-sr/Kc
onfig.projbuild:103: SR_WN_WN9L_XIAOAITONGXUE: 'default False' is not a valid 
bool value (only 'y' and 'n' are allowed). Value is treated as 'n'.
NOTE: 
/Users/bruno/Projects/personal-assistant/managed_components/espressif__esp-sr/Kc
onfig.projbuild:107: SR_WN_WN9_NIHAOXIAOZHI_TTS: 'default False' is not a valid 
bool value (only 'y' and 'n' are allowed). Value is treated as 'n'.
NOTE: 
/Users/bruno/Projects/personal-assistant/managed_components/espressif__esp-sr/Kc
onfig.projbuild:111: SR_WN_WN9L_NIHAOXIAOZHI_TTS3: 'default False' is not a 
valid bool value (only 'y' and 'n' are allowed). Value is treated as 'n'.
NOTE: 
/Users/bruno/Projects/personal-assistant/managed_components/espressif__esp-sr/Kc
onfig.projbuild:115: SR_WN_WN9_ALEXA: 'default False' is not a valid bool value 
(only 'y' and 'n' are allowed). Value is treated as 'n'.
NOTE: 
/Users/bruno/Projects/personal-assistant/managed_components/espressif__esp-sr/Kc
onfig.projbuild:119: SR_WN_WN9_JARVIS_TTS: 'default False' is not a valid bool 
value (only 'y' and 'n' are allowed). Value is treated as 'n'.
NOTE: 
/Users/bruno/Projects/personal-assistant/managed_components/espressif__esp-sr/Kc
onfig.projbuild:123: SR_WN_WN9_COMPUTER_TTS: 'default False' is not a valid bool
value (only 'y' and 'n' are allowed). Value is treated as 'n'.
NOTE: 
/Users/bruno/Projects/personal-assistant/managed_components/espressif__esp-sr/Kc
onfig.projbuild:127: SR_WN_WN9_HEYWILLOW_TTS: 'default False' is not a valid 
bool value (only 'y' and 'n' are allowed). Value is treated as 'n'.
NOTE: 
/Users/bruno/Projects/personal-assistant/managed_components/espressif__esp-sr/Kc
onfig.projbuild:131: SR_WN_WN9_HIMFIVE: 'default False' is not a valid bool 
value (only 'y' and 'n' are allowed). Value is treated as 'n'.
NOTE: 
/Users/bruno/Projects/personal-assistant/managed_components/espressif__esp-sr/Kc
onfig.projbuild:135: SR_WN_WN9_SOPHIA_TTS: 'default False' is not a valid bool 
value (only 'y' and 'n' are allowed). Value is treated as 'n'.
NOTE: 
/Users/bruno/Projects/personal-assistant/managed_components/espressif__esp-sr/Kc
onfig.projbuild:139: SR_WN_WN9_HEYWANDA_TTS: 'default False' is not a valid bool
value (only 'y' and 'n' are allowed). Value is treated as 'n'.
NOTE: 
/Users/bruno/Projects/personal-assistant/managed_components/espressif__esp-sr/Kc
onfig.projbuild:143: SR_WN_WN9_HIJOLLY_TTS2: 'default False' is not a valid bool
value (only 'y' and 'n' are allowed). Value is treated as 'n'.
NOTE: 
/Users/bruno/Projects/personal-assistant/managed_components/espressif__esp-sr/Kc
onfig.projbuild:147: SR_WN_WN9_HIFAIRY_TTS2: 'default False' is not a valid bool
value (only 'y' and 'n' are allowed). Value is treated as 'n'.
NOTE: 
/Users/bruno/Projects/personal-assistant/managed_components/espressif__esp-sr/Kc
onfig.projbuild:151: SR_WN_WN9_HEYPRINTER_TTS: 'default False' is not a valid 
bool value (only 'y' and 'n' are allowed). Value is treated as 'n'.
NOTE: 
/Users/bruno/Projects/personal-assistant/managed_components/espressif__esp-sr/Kc
onfig.projbuild:155: SR_WN_WN9_MYCROFT_TTS: 'default False' is not a valid bool 
value (only 'y' and 'n' are allowed). Value is treated as 'n'.
NOTE: 
/Users/bruno/Projects/personal-assistant/managed_components/espressif__esp-sr/Kc
onfig.projbuild:159: SR_WN_WN9_HIJOY_TTS: 'default False' is not a valid bool 
value (only 'y' and 'n' are allowed). Value is treated as 'n'.
NOTE: 
/Users/bruno/Projects/personal-assistant/managed_components/espressif__esp-sr/Kc
onfig.projbuild:163: SR_WN_WN9_HIJASON_TTS2: 'default False' is not a valid bool
value (only 'y' and 'n' are allowed). Value is treated as 'n'.
NOTE: 
/Users/bruno/Projects/personal-assistant/managed_components/espressif__esp-sr/Kc
onfig.projbuild:167: SR_WN_WN9_ASTROLABE_TTS: 'default False' is not a valid 
bool value (only 'y' and 'n' are allowed). Value is treated as 'n'.
NOTE: 
/Users/bruno/Projects/personal-assistant/managed_components/espressif__esp-sr/Kc
onfig.projbuild:171: SR_WN_WN9_HEYILY_TTS2: 'default False' is not a valid bool 
value (only 'y' and 'n' are allowed). Value is treated as 'n'.
NOTE: 
/Users/bruno/Projects/personal-assistant/managed_components/espressif__esp-sr/Kc
onfig.projbuild:175: SR_WN_WN9_BLUECHIP_TTS2: 'default False' is not a valid 
bool value (only 'y' and 'n' are allowed). Value is treated as 'n'.
NOTE: 
/Users/bruno/Projects/personal-assistant/managed_components/espressif__esp-sr/Kc
onfig.projbuild:179: SR_WN_WN9_HIANDY_TTS2: 'default False' is not a valid bool 
value (only 'y' and 'n' are allowed). Value is treated as 'n'.
NOTE: 
/Users/bruno/Projects/personal-assistant/managed_components/espressif__esp-sr/Kc
onfig.projbuild:183: SR_WN_WN9_HEYIVY_TTS2: 'default False' is not a valid bool 
value (only 'y' and 'n' are allowed). Value is treated as 'n'.
NOTE: 
/Users/bruno/Projects/personal-assistant/managed_components/espressif__esp-sr/Kc
onfig.projbuild:187: SR_WN_WN9L_HISTACKCHAN_TTS3: 'default False' is not a valid
bool value (only 'y' and 'n' are allowed). Value is treated as 'n'.
NOTE: 
/Users/bruno/Projects/personal-assistant/managed_components/espressif__esp-sr/Kc
onfig.projbuild:191: SR_WN_WN9_HEYKIRA_TTS3: 'default False' is not a valid bool
value (only 'y' and 'n' are allowed). Value is treated as 'n'.
NOTE: 
/Users/bruno/Projects/personal-assistant/managed_components/espressif__esp-sr/Kc
onfig.projbuild:195: SR_WN_WN9L_HEYGIGI_TTS3: 'default False' is not a valid 
bool value (only 'y' and 'n' are allowed). Value is treated as 'n'.
NOTE: 
/Users/bruno/Projects/personal-assistant/managed_components/espressif__esp-sr/Kc
onfig.projbuild:199: SR_WN_WN9_XIAOLONGXIAOLONG_TTS: 'default False' is not a 
valid bool value (only 'y' and 'n' are allowed). Value is treated as 'n'.
NOTE: 
/Users/bruno/Projects/personal-assistant/managed_components/espressif__esp-sr/Kc
onfig.projbuild:203: SR_WN_WN9_HIMIAOMIAO_TTS: 'default False' is not a valid 
bool value (only 'y' and 'n' are allowed). Value is treated as 'n'.
NOTE: 
/Users/bruno/Projects/personal-assistant/managed_components/espressif__esp-sr/Kc
onfig.projbuild:207: SR_WN_WN9_MIAOMIAOTONGXUE_TTS: 'default False' is not a 
valid bool value (only 'y' and 'n' are allowed). Value is treated as 'n'.
NOTE: 
/Users/bruno/Projects/personal-assistant/managed_components/espressif__esp-sr/Kc
onfig.projbuild:211: SR_WN_WN9_NIHAOXIAOXIN_TTS: 'default False' is not a valid 
bool value (only 'y' and 'n' are allowed). Value is treated as 'n'.
NOTE: 
/Users/bruno/Projects/personal-assistant/managed_components/espressif__esp-sr/Kc
onfig.projbuild:215: SR_WN_WN9_XIAOMEITONGXUE_TTS: 'default False' is not a 
valid bool value (only 'y' and 'n' are allowed). Value is treated as 'n'.
NOTE: 
/Users/bruno/Projects/personal-assistant/managed_components/espressif__esp-sr/Kc
onfig.projbuild:219: SR_WN_WN9_HILILI_TTS: 'default False' is not a valid bool 
value (only 'y' and 'n' are allowed). Value is treated as 'n'.
NOTE: 
/Users/bruno/Projects/personal-assistant/managed_components/espressif__esp-sr/Kc
onfig.projbuild:223: SR_WN_WN9_HITELLY_TTS: 'default False' is not a valid bool 
value (only 'y' and 'n' are allowed). Value is treated as 'n'.
NOTE: 
/Users/bruno/Projects/personal-assistant/managed_components/espressif__esp-sr/Kc
onfig.projbuild:227: SR_WN_WN9_XIAOBINXIAOBIN_TTS: 'default False' is not a 
valid bool value (only 'y' and 'n' are allowed). Value is treated as 'n'.
NOTE: 
/Users/bruno/Projects/personal-assistant/managed_components/espressif__esp-sr/Kc
onfig.projbuild:231: SR_WN_WN9_HAIXIAOWU_TTS: 'default False' is not a valid 
bool value (only 'y' and 'n' are allowed). Value is treated as 'n'.
NOTE: 
/Users/bruno/Projects/personal-assistant/managed_components/espressif__esp-sr/Kc
onfig.projbuild:235: SR_WN_WN9_XIAOYAXIAOYA_TTS2: 'default False' is not a valid
bool value (only 'y' and 'n' are allowed). Value is treated as 'n'.
NOTE: 
/Users/bruno/Projects/personal-assistant/managed_components/espressif__esp-sr/Kc
onfig.projbuild:239: SR_WN_WN9_LINAIBAN_TTS2: 'default False' is not a valid 
bool value (only 'y' and 'n' are allowed). Value is treated as 'n'.
NOTE: 
/Users/bruno/Projects/personal-assistant/managed_components/espressif__esp-sr/Kc
onfig.projbuild:243: SR_WN_WN9_XIAOSUROU_TTS2: 'default False' is not a valid 
bool value (only 'y' and 'n' are allowed). Value is treated as 'n'.
NOTE: 
/Users/bruno/Projects/personal-assistant/managed_components/espressif__esp-sr/Kc
onfig.projbuild:247: SR_WN_WN9_XIAOYUTONGXUE_TTS2: 'default False' is not a 
valid bool value (only 'y' and 'n' are allowed). Value is treated as 'n'.
NOTE: 
/Users/bruno/Projects/personal-assistant/managed_components/espressif__esp-sr/Kc
onfig.projbuild:251: SR_WN_WN9_XIAOMINGTONGXUE_TTS2: 'default False' is not a 
valid bool value (only 'y' and 'n' are allowed). Value is treated as 'n'.
NOTE: 
/Users/bruno/Projects/personal-assistant/managed_components/espressif__esp-sr/Kc
onfig.projbuild:255: SR_WN_WN9_XIAOKANGTONGXUE_TTS2: 'default False' is not a 
valid bool value (only 'y' and 'n' are allowed). Value is treated as 'n'.
NOTE: 
/Users/bruno/Projects/personal-assistant/managed_components/espressif__esp-sr/Kc
onfig.projbuild:259: SR_WN_WN9_XIAOJIANXIAOJIAN_TTS2: 'default False' is not a 
valid bool value (only 'y' and 'n' are allowed). Value is treated as 'n'.
NOTE: 
/Users/bruno/Projects/personal-assistant/managed_components/espressif__esp-sr/Kc
onfig.projbuild:263: SR_WN_WN9_XIAOTEXIAOTE_TTS2: 'default False' is not a valid
bool value (only 'y' and 'n' are allowed). Value is treated as 'n'.
NOTE: 
/Users/bruno/Projects/personal-assistant/managed_components/espressif__esp-sr/Kc
onfig.projbuild:267: SR_WN_WN9_NIHAOXIAOYI_TTS2: 'default False' is not a valid 
bool value (only 'y' and 'n' are allowed). Value is treated as 'n'.
NOTE: 
/Users/bruno/Projects/personal-assistant/managed_components/espressif__esp-sr/Kc
onfig.projbuild:271: SR_WN_WN9_NIHAOBAIYING_TTS2: 'default False' is not a valid
bool value (only 'y' and 'n' are allowed). Value is treated as 'n'.
NOTE: 
/Users/bruno/Projects/personal-assistant/managed_components/espressif__esp-sr/Kc
onfig.projbuild:275: SR_WN_WN9_NIHAODONGDONG_TTS2: 'default False' is not a 
valid bool value (only 'y' and 'n' are allowed). Value is treated as 'n'.
NOTE: 
/Users/bruno/Projects/personal-assistant/managed_components/espressif__esp-sr/Kc
onfig.projbuild:279: SR_WN_WN9_HIWALLE_TTS2: 'default False' is not a valid bool
value (only 'y' and 'n' are allowed). Value is treated as 'n'.
NOTE: 
/Users/bruno/Projects/personal-assistant/managed_components/espressif__esp-sr/Kc
onfig.projbuild:283: SR_WN_WN9_XIAOLUXIAOLU_TTS2: 'default False' is not a valid
bool value (only 'y' and 'n' are allowed). Value is treated as 'n'.
NOTE: 
/Users/bruno/Projects/personal-assistant/managed_components/espressif__esp-sr/Kc
onfig.projbuild:287: SR_WN_WN9_NIHAOXIAOAN_TTS2: 'default False' is not a valid 
bool value (only 'y' and 'n' are allowed). Value is treated as 'n'.
NOTE: 
/Users/bruno/Projects/personal-assistant/managed_components/espressif__esp-sr/Kc
onfig.projbuild:291: SR_WN_WN9_NI3HAO3XIAO3MAI4_TTS2: 'default False' is not a 
valid bool value (only 'y' and 'n' are allowed). Value is treated as 'n'.
NOTE: 
/Users/bruno/Projects/personal-assistant/managed_components/espressif__esp-sr/Kc
onfig.projbuild:295: SR_WN_WN9_NI3HAO3XIAO3RUI4_TTS3: 'default False' is not a 
valid bool value (only 'y' and 'n' are allowed). Value is treated as 'n'.
NOTE: 
/Users/bruno/Projects/personal-assistant/managed_components/espressif__esp-sr/Kc
onfig.projbuild:299: SR_WN_WN9_HAI1XIAO3OU1_TTS3: 'default False' is not a valid
bool value (only 'y' and 'n' are allowed). Value is treated as 'n'.
NOTE: 
/Users/bruno/Projects/personal-assistant/managed_components/espressif__esp-sr/Kc
onfig.projbuild:303: SR_WN_WN9_XIAO3JIA1XIAO3JIA1_TTS3: 'default False' is not a
valid bool value (only 'y' and 'n' are allowed). Value is treated as 'n'.
NOTE: 
/Users/bruno/Projects/personal-assistant/managed_components/espressif__esp-sr/Kc
onfig.projbuild:307: SR_WN_WN9_XIAO3FENG1XIAO3FENG1_TTS3: 'default False' is not
a valid bool value (only 'y' and 'n' are allowed). Value is treated as 'n'.
NOTE: 
/Users/bruno/Projects/personal-assistant/managed_components/espressif__esp-sr/Kc
onfig.projbuild:311: SR_WN_WN9_HAI1XIAO3XIANG4_TTS3: 'default False' is not a 
valid bool value (only 'y' and 'n' are allowed). Value is treated as 'n'.
NOTE: 
/Users/bruno/Projects/personal-assistant/managed_components/espressif__esp-sr/Kc
onfig.projbuild:315: SR_WN_WN9L_NI3HAO3XING1BAO3_TTS3: 'default False' is not a 
valid bool value (only 'y' and 'n' are allowed). Value is treated as 'n'.
NOTE: 
/Users/bruno/Projects/esp/esp-idf-v6.0.2/components/bt/host/nimble/Kconfig.in:14
21: BT_NIMBLE_MESH_PROVISIONER: 'default 0' is not a valid bool value (only 'y' 
and 'n' are allowed). Value is treated as 'n'.
NOTE: /Users/bruno/Projects/esp/esp-idf-v6.0.2/components/fatfs/Kconfig:230: 
FATFS_PRINT_LLI: 'default 0' is not a valid bool value (only 'y' and 'n' are 
allowed). Value is treated as 'n'.
NOTE: /Users/bruno/Projects/esp/esp-idf-v6.0.2/components/fatfs/Kconfig:235: 
FATFS_PRINT_FLOAT: 'default 0' is not a valid bool value (only 'y' and 'n' are 
allowed). Value is treated as 'n'.
[9/12] Linking CXX executable xiaozhi.elf
[10/12] Generating binary image from built executable
esptool v5.4.0
Creating ESP32-S3 image...
Merged 4 ELF sections.
Successfully created ESP32-S3 image.
Generated /Users/bruno/Projects/personal-assistant/build/xiaozhi.bin
[11/12] cd /Users/bruno/Projects/personal-assistant/build && /Users/bruno/.espressif/python_env/idf6.0_py3.14_env/bin/python3 /Users/bruno/Projects/esp/esp-idf-v6.0.2/components/partition_table/check_sizes.py --offset 0x8000 partition --type app /Users/bruno/Projects/personal-assistant/build/partition_table/partition-table.bin /Users/bruno/Projects/personal-assistant/build/xiaozhi.bin
xiaozhi.bin binary size 0x2b83a0 bytes. Smallest app partition is 0x3f0000 bytes. 0x137c60 bytes (31%) free.

Project build complete. To flash, run:
 idf.py flash
or
 idf.py -p PORT flash
or
 python -m esptool --chip esp32s3 -b 460800 --before default-reset --after hard-reset write-flash --flash-mode dio --flash-size 16MB --flash-freq 80m 0x0 build/bootloader/bootloader.bin 0x8000 build/partition_table/partition-table.bin 0xd000 build/ota_data_initial.bin 0x20000 build/xiaozhi.bin 0x800000 build/generated_assets.bin
or from the "/Users/bruno/Projects/personal-assistant/build" directory
 python -m esptool --chip esp32s3 -b 460800 --before default-reset --after hard-reset write-flash "@flash_args"
Adding "merge-bin"'s dependency "all" to list of commands with default set of options.
Executing action: all (aliases: build)
Running ninja in directory /Users/bruno/Projects/personal-assistant/build
Executing "ninja all"...
[0/2] Re-checking globbed directories...
[1/5] cd /Users/bruno/Projects/personal-assistant/build && /Users/bruno/.espressif/python_env/idf6.0_py3.14_env/bin/python3 /Users/bruno/Projects/esp/esp-idf-v6.0.2/components/partition_table/check_sizes.py --offset 0x8000 partition --type app /Users/bruno/Projects/personal-assistant/build/partition_table/partition-table.bin /Users/bruno/Projects/personal-assistant/build/xiaozhi.bin
xiaozhi.bin binary size 0x2b83a0 bytes. Smallest app partition is 0x3f0000 bytes. 0x137c60 bytes (31%) free.
[2/5] Performing build step for 'bootloader'
[1/1] cd /Users/bruno/Projects/personal-assistant/build/bootloader && /Users/bruno/.espressif/python_env/idf6.0_py3.14_env/bin/python3 /Users/bruno/Projects/esp/esp-idf-v6.0.2/components/partition_table/check_sizes.py --offset 0x8000 bootloader 0x0 /Users/bruno/Projects/personal-assistant/build/bootloader/bootloader.bin
Bootloader binary size 0x4120 bytes. 0x3ee0 bytes (49%) free.
[3/5] No install step for 'bootloader'
[4/5] Completed 'bootloader'
Executing action: merge-bin
Merged binary merged-binary.bin will be created in the build directory...
Running merge-bin in directory /Users/bruno/Projects/personal-assistant/build
Executing "/Users/bruno/.espressif/python_env/idf6.0_py3.14_env/bin/python3 -m esptool --chip esp32s3 merge-bin -o merged-binary.bin -f raw @flash_args"...
esptool --chip esp32s3 merge-bin -o merged-binary.bin -f raw --flash-mode dio --flash-freq 80m --flash-size 16MB 0x0 bootloader/bootloader.bin 0x8000 partition_table/partition-table.bin 0xd000 ota_data_initial.bin 0x800000 generated_assets.bin 0x20000 xiaozhi.bin
esptool v5.4.0
HINT: Consider using --format hex to avoid flashing unused 0xFF padding between input regions.
SHA digest in image updated.
Wrote 0x9964a9 bytes to file 'merged-binary.bin', ready to flash to offset 0x0.

Project build complete. To flash, run:
 idf.py flash
or
 idf.py -p PORT flash
or
 python -m esptool --chip esp32s3 -b 460800 --before default-reset --after hard-reset write-flash --flash-mode dio --flash-size 16MB --flash-freq 80m 0x0 build/bootloader/bootloader.bin 0x8000 build/partition_table/partition-table.bin 0xd000 build/ota_data_initial.bin 0x20000 build/xiaozhi.bin 0x800000 build/generated_assets.bin
or from the "/Users/bruno/Projects/personal-assistant/build" directory
 python -m esptool --chip esp32s3 -b 460800 --before default-reset --after hard-reset write-flash "@flash_args"
Project Version: 2.4.2 (main/boards/custom/freenove-s3-2.8-lcd/config.json)
--------------------------------------------------------------------------------
name: custom-freenove-s3-2.8-lcd
reported_type: custom-freenove-s3-2.8-lcd
target: esp32s3
manufacturer: custom
sdkconfig_append: CONFIG_BOARD_TYPE_CUSTOM_FREENOVE_S3_2_8_LCD=y
sdkconfig_append: CONFIG_SPIRAM=y
sdkconfig_append: CONFIG_SPIRAM_MODE_OCT=y
[INFO] Reusing target esp32s3.
